RAM Allocation [bytes]
Variable                                                                          Address   Size
------------------------------------------------------------------------------------------------
printer                                                                           0x0260      20
motorPWM                                                                          0x0274       2
tempMode                                                                          0x0276       2
tempDiv                                                                           0x0278       2
rx_buffer                                                                         0x027A       8
rx_wr_index                                                                       0x0282       1
rx_rd_index                                                                       0x0283       1
rx_counter                                                                        0x0284       1
tx_buffer                                                                         0x0285       8
tx_wr_index                                                                       0x028D       1
tx_rd_index                                                                       0x028E       1
tx_counter                                                                        0x028F       1
adc_data                                                                          0x0290       3
input_index                                                                       0x0293       1
_base_y                                                                           0x0294       4
_lcd_x                                                                            0x0298       1
_lcd_y                                                                            0x0299       1
_lcd_maxx                                                                         0x029A       1

EEPROM Allocation [bytes]
Variable                                                                          Address   Size
------------------------------------------------------------------------------------------------

Register Allocation
Variable                                                                          Register  Size
------------------------------------------------------------------------------------------------
temperatureAmount                                                                 R4,R5        2
data                                                                              R7           1
headerAmount                                                                      R6           1
footerAmount                                                                      R9           1
getTempInstruction                                                                R8           1
setPWMInstruction                                                                 R11          1
packetNo                                                                          R12,R13      2
inputData                                                                         R10          1
rx_buffer_overflow                                                                R2.0      1bit

FLASH Allocation [words]
Function                                                                          Address   Size
------------------------------------------------------------------------------------------------
usart_rx_isr                                                                      0x0007B     44
getchar                                                                           0x000A7     32
usart_tx_isr                                                                      0x000C7     36
putchar                                                                           0x000EB     41
timer0_ovf_isr                                                                    0x00114      1
timer0_comp_isr                                                                   0x00115      1
adc_isr                                                                           0x00116     38
getTemp                                                                           0x0013C     25
main                                                                              0x00155    206
put_buff_G100                                                                     0x00223     64
_print_G100                                                                       0x00263    308
sprintf                                                                           0x00397     52
strlen                                                                            0x003CB     12
strlenf                                                                           0x003D7     13
_lcd_write_nibble_G102                                                            0x003E4     20
_lcd_write_data                                                                   0x003F8     12
lcd_gotoxy                                                                        0x00404     17
lcd_clear                                                                         0x00415     14
lcd_putchar                                                                       0x00423     32
lcd_puts                                                                          0x00443     17
lcd_init                                                                          0x00454     47
