RAM Allocation [bytes]
Variable                                                                          Address   Size
------------------------------------------------------------------------------------------------
printer                                                                           0x026A      20
packetNo                                                                          0x027E       2
inputData                                                                         0x0280       1
motorPWM                                                                          0x0281       2
tempMode                                                                          0x0283       2
tempDiv                                                                           0x0285       2
rx_buffer                                                                         0x0287       8
rx_wr_index                                                                       0x028F       1
rx_rd_index                                                                       0x0290       1
rx_counter                                                                        0x0291       1
tx_buffer                                                                         0x0292       8
tx_wr_index                                                                       0x029A       1
tx_rd_index                                                                       0x029B       1
tx_counter                                                                        0x029C       1
adc_data                                                                          0x029D       3
input_index                                                                       0x02A0       1
_base_y                                                                           0x02A1       4
_lcd_x                                                                            0x02A5       1
_lcd_y                                                                            0x02A6       1
_lcd_maxx                                                                         0x02A7       1

EEPROM Allocation [bytes]
Variable                                                                          Address   Size
------------------------------------------------------------------------------------------------

Register Allocation
Variable                                                                          Register  Size
------------------------------------------------------------------------------------------------
connected                                                                         R4,R5        2
temperatureAmount                                                                 R6,R7        2
d                                                                                 R8,R9        2
headerAmount                                                                      R11          1
footerAmount                                                                      R10          1
getTempInstruction                                                                R13          1
setPWMInstruction                                                                 R12          1
rx_buffer_overflow                                                                R2.0      1bit

FLASH Allocation [words]
Function                                                                          Address   Size
------------------------------------------------------------------------------------------------
usart_rx_isr                                                                      0x00088     97
getchar                                                                           0x000E9     32
usart_tx_isr                                                                      0x00109     36
putchar                                                                           0x0012D     41
timer0_ovf_isr                                                                    0x00156      1
timer0_comp_isr                                                                   0x00157      1
adc_isr                                                                           0x00158     38
getTemp                                                                           0x0017E     25
main                                                                              0x00197    195
put_buff_G100                                                                     0x0025A     64
_print_G100                                                                       0x0029A    308
sprintf                                                                           0x003CE     52
strlen                                                                            0x00402     12
strlenf                                                                           0x0040E     13
_lcd_write_nibble_G102                                                            0x0041B     20
_lcd_write_data                                                                   0x0042F     12
lcd_gotoxy                                                                        0x0043B     17
lcd_clear                                                                         0x0044C     14
lcd_putchar                                                                       0x0045A     32
lcd_puts                                                                          0x0047A     17
lcd_init                                                                          0x0048B     47
