
AVRASM ver. 2.1.30  G:\GitRepositories\7th Semester\Micro Processor Lab 2019\Project\Client\Client Code\Debug\List\client.asm Thu Jan 23 17:51:38 2020

G:\GitRepositories\7th Semester\Micro Processor Lab 2019\Project\Client\Client Code\Debug\List\client.asm(1088): warning: Register r5 already defined by the .DEF directive
G:\GitRepositories\7th Semester\Micro Processor Lab 2019\Project\Client\Client Code\Debug\List\client.asm(1089): warning: Register r4 already defined by the .DEF directive
G:\GitRepositories\7th Semester\Micro Processor Lab 2019\Project\Client\Client Code\Debug\List\client.asm(1090): warning: Register r7 already defined by the .DEF directive
G:\GitRepositories\7th Semester\Micro Processor Lab 2019\Project\Client\Client Code\Debug\List\client.asm(1091): warning: Register r6 already defined by the .DEF directive
G:\GitRepositories\7th Semester\Micro Processor Lab 2019\Project\Client\Client Code\Debug\List\client.asm(1092): warning: Register r9 already defined by the .DEF directive
G:\GitRepositories\7th Semester\Micro Processor Lab 2019\Project\Client\Client Code\Debug\List\client.asm(1093): warning: Register r8 already defined by the .DEF directive
G:\GitRepositories\7th Semester\Micro Processor Lab 2019\Project\Client\Client Code\Debug\List\client.asm(1094): warning: Register r11 already defined by the .DEF directive
G:\GitRepositories\7th Semester\Micro Processor Lab 2019\Project\Client\Client Code\Debug\List\client.asm(1095): warning: Register r10 already defined by the .DEF directive
G:\GitRepositories\7th Semester\Micro Processor Lab 2019\Project\Client\Client Code\Debug\List\client.asm(1096): warning: Register r13 already defined by the .DEF directive
G:\GitRepositories\7th Semester\Micro Processor Lab 2019\Project\Client\Client Code\Debug\List\client.asm(1097): warning: Register r12 already defined by the .DEF directive
                 
                 
                 ;CodeVisionAVR C Compiler V3.12 Advanced
                 ;(C) Copyright 1998-2014 Pavel Haiduc, HP InfoTech s.r.l.
                 ;http://www.hpinfotech.com
                 
                 ;Build configuration    : Debug
                 ;Chip type              : ATmega32
                 ;Program type           : Application
                 ;Clock frequency        : 8.000000 MHz
                 ;Memory model           : Small
                 ;Optimize for           : Size
                 ;(s)printf features     : int, width
                 ;(s)scanf features      : int, width
                 ;External RAM size      : 0
                 ;Data Stack size        : 512 byte(s)
                 ;Heap size              : 0 byte(s)
                 ;Promote 'char' to 'int': Yes
                 ;'char' is unsigned     : Yes
                 ;8 bit enums            : Yes
                 ;Global 'const' stored in FLASH: Yes
                 ;Enhanced function parameter passing: Yes
                 ;Enhanced core instructions: On
                 ;Automatic register allocation for global variables: On
                 ;Smart register allocation: On
                 
                 	#define _MODEL_SMALL_
                 
                 	#pragma AVRPART ADMIN PART_NAME ATmega32
                 	#pragma AVRPART MEMORY PROG_FLASH 32768
                 	#pragma AVRPART MEMORY EEPROM 1024
                 	#pragma AVRPART MEMORY INT_SRAM SIZE 2048
                 	#pragma AVRPART MEMORY INT_SRAM START_ADDR 0x60
                 
                 	#define CALL_SUPPORTED 1
                 
                 	.LISTMAC
                 	.EQU UDRE=0x5
                 	.EQU RXC=0x7
                 	.EQU USR=0xB
                 	.EQU UDR=0xC
                 	.EQU SPSR=0xE
                 	.EQU SPDR=0xF
                 	.EQU EERE=0x0
                 	.EQU EEWE=0x1
                 	.EQU EEMWE=0x2
                 	.EQU EECR=0x1C
                 	.EQU EEDR=0x1D
                 	.EQU EEARL=0x1E
                 	.EQU EEARH=0x1F
                 	.EQU WDTCR=0x21
                 	.EQU MCUCR=0x35
                 	.EQU GICR=0x3B
                 	.EQU SPL=0x3D
                 	.EQU SPH=0x3E
                 	.EQU SREG=0x3F
                 
                 	.DEF R0X0=R0
                 	.DEF R0X1=R1
                 	.DEF R0X2=R2
                 	.DEF R0X3=R3
                 	.DEF R0X4=R4
                 	.DEF R0X5=R5
                 	.DEF R0X6=R6
                 	.DEF R0X7=R7
                 	.DEF R0X8=R8
                 	.DEF R0X9=R9
                 	.DEF R0XA=R10
                 	.DEF R0XB=R11
                 	.DEF R0XC=R12
                 	.DEF R0XD=R13
                 	.DEF R0XE=R14
                 	.DEF R0XF=R15
                 	.DEF R0X10=R16
                 	.DEF R0X11=R17
                 	.DEF R0X12=R18
                 	.DEF R0X13=R19
                 	.DEF R0X14=R20
                 	.DEF R0X15=R21
                 	.DEF R0X16=R22
                 	.DEF R0X17=R23
                 	.DEF R0X18=R24
                 	.DEF R0X19=R25
                 	.DEF R0X1A=R26
                 	.DEF R0X1B=R27
                 	.DEF R0X1C=R28
                 	.DEF R0X1D=R29
                 	.DEF R0X1E=R30
                 	.DEF R0X1F=R31
                 
                 	.EQU __SRAM_START=0x0060
                 	.EQU __SRAM_END=0x085F
                 	.EQU __DSTACK_SIZE=0x0200
                 	.EQU __HEAP_SIZE=0x0000
                 	.EQU __CLEAR_SRAM_SIZE=__SRAM_END-__SRAM_START+1
                 
                 	.MACRO __CPD1N
                 	CPI  R30,LOW(@0)
                 	LDI  R26,HIGH(@0)
                 	CPC  R31,R26
                 	LDI  R26,BYTE3(@0)
                 	CPC  R22,R26
                 	LDI  R26,BYTE4(@0)
                 	CPC  R23,R26
                 	.ENDM
                 
                 	.MACRO __CPD2N
                 	CPI  R26,LOW(@0)
                 	LDI  R30,HIGH(@0)
                 	CPC  R27,R30
                 	LDI  R30,BYTE3(@0)
                 	CPC  R24,R30
                 	LDI  R30,BYTE4(@0)
                 	CPC  R25,R30
                 	.ENDM
                 
                 	.MACRO __CPWRR
                 	CP   R@0,R@2
                 	CPC  R@1,R@3
                 	.ENDM
                 
                 	.MACRO __CPWRN
                 	CPI  R@0,LOW(@2)
                 	LDI  R30,HIGH(@2)
                 	CPC  R@1,R30
                 	.ENDM
                 
                 	.MACRO __ADDB1MN
                 	SUBI R30,LOW(-@0-(@1))
                 	.ENDM
                 
                 	.MACRO __ADDB2MN
                 	SUBI R26,LOW(-@0-(@1))
                 	.ENDM
                 
                 	.MACRO __ADDW1MN
                 	SUBI R30,LOW(-@0-(@1))
                 	SBCI R31,HIGH(-@0-(@1))
                 	.ENDM
                 
                 	.MACRO __ADDW2MN
                 	SUBI R26,LOW(-@0-(@1))
                 	SBCI R27,HIGH(-@0-(@1))
                 	.ENDM
                 
                 	.MACRO __ADDW1FN
                 	SUBI R30,LOW(-2*@0-(@1))
                 	SBCI R31,HIGH(-2*@0-(@1))
                 	.ENDM
                 
                 	.MACRO __ADDD1FN
                 	SUBI R30,LOW(-2*@0-(@1))
                 	SBCI R31,HIGH(-2*@0-(@1))
                 	SBCI R22,BYTE3(-2*@0-(@1))
                 	.ENDM
                 
                 	.MACRO __ADDD1N
                 	SUBI R30,LOW(-@0)
                 	SBCI R31,HIGH(-@0)
                 	SBCI R22,BYTE3(-@0)
                 	SBCI R23,BYTE4(-@0)
                 	.ENDM
                 
                 	.MACRO __ADDD2N
                 	SUBI R26,LOW(-@0)
                 	SBCI R27,HIGH(-@0)
                 	SBCI R24,BYTE3(-@0)
                 	SBCI R25,BYTE4(-@0)
                 	.ENDM
                 
                 	.MACRO __SUBD1N
                 	SUBI R30,LOW(@0)
                 	SBCI R31,HIGH(@0)
                 	SBCI R22,BYTE3(@0)
                 	SBCI R23,BYTE4(@0)
                 	.ENDM
                 
                 	.MACRO __SUBD2N
                 	SUBI R26,LOW(@0)
                 	SBCI R27,HIGH(@0)
                 	SBCI R24,BYTE3(@0)
                 	SBCI R25,BYTE4(@0)
                 	.ENDM
                 
                 	.MACRO __ANDBMNN
                 	LDS  R30,@0+(@1)
                 	ANDI R30,LOW(@2)
                 	STS  @0+(@1),R30
                 	.ENDM
                 
                 	.MACRO __ANDWMNN
                 	LDS  R30,@0+(@1)
                 	ANDI R30,LOW(@2)
                 	STS  @0+(@1),R30
                 	LDS  R30,@0+(@1)+1
                 	ANDI R30,HIGH(@2)
                 	STS  @0+(@1)+1,R30
                 	.ENDM
                 
                 	.MACRO __ANDD1N
                 	ANDI R30,LOW(@0)
                 	ANDI R31,HIGH(@0)
                 	ANDI R22,BYTE3(@0)
                 	ANDI R23,BYTE4(@0)
                 	.ENDM
                 
                 	.MACRO __ANDD2N
                 	ANDI R26,LOW(@0)
                 	ANDI R27,HIGH(@0)
                 	ANDI R24,BYTE3(@0)
                 	ANDI R25,BYTE4(@0)
                 	.ENDM
                 
                 	.MACRO __ORBMNN
                 	LDS  R30,@0+(@1)
                 	ORI  R30,LOW(@2)
                 	STS  @0+(@1),R30
                 	.ENDM
                 
                 	.MACRO __ORWMNN
                 	LDS  R30,@0+(@1)
                 	ORI  R30,LOW(@2)
                 	STS  @0+(@1),R30
                 	LDS  R30,@0+(@1)+1
                 	ORI  R30,HIGH(@2)
                 	STS  @0+(@1)+1,R30
                 	.ENDM
                 
                 	.MACRO __ORD1N
                 	ORI  R30,LOW(@0)
                 	ORI  R31,HIGH(@0)
                 	ORI  R22,BYTE3(@0)
                 	ORI  R23,BYTE4(@0)
                 	.ENDM
                 
                 	.MACRO __ORD2N
                 	ORI  R26,LOW(@0)
                 	ORI  R27,HIGH(@0)
                 	ORI  R24,BYTE3(@0)
                 	ORI  R25,BYTE4(@0)
                 	.ENDM
                 
                 	.MACRO __DELAY_USB
                 	LDI  R24,LOW(@0)
                 __DELAY_USB_LOOP:
                 	DEC  R24
                 	BRNE __DELAY_USB_LOOP
                 	.ENDM
                 
                 	.MACRO __DELAY_USW
                 	LDI  R24,LOW(@0)
                 	LDI  R25,HIGH(@0)
                 __DELAY_USW_LOOP:
                 	SBIW R24,1
                 	BRNE __DELAY_USW_LOOP
                 	.ENDM
                 
                 	.MACRO __GETD1S
                 	LDD  R30,Y+@0
                 	LDD  R31,Y+@0+1
                 	LDD  R22,Y+@0+2
                 	LDD  R23,Y+@0+3
                 	.ENDM
                 
                 	.MACRO __GETD2S
                 	LDD  R26,Y+@0
                 	LDD  R27,Y+@0+1
                 	LDD  R24,Y+@0+2
                 	LDD  R25,Y+@0+3
                 	.ENDM
                 
                 	.MACRO __PUTD1S
                 	STD  Y+@0,R30
                 	STD  Y+@0+1,R31
                 	STD  Y+@0+2,R22
                 	STD  Y+@0+3,R23
                 	.ENDM
                 
                 	.MACRO __PUTD2S
                 	STD  Y+@0,R26
                 	STD  Y+@0+1,R27
                 	STD  Y+@0+2,R24
                 	STD  Y+@0+3,R25
                 	.ENDM
                 
                 	.MACRO __PUTDZ2
                 	STD  Z+@0,R26
                 	STD  Z+@0+1,R27
                 	STD  Z+@0+2,R24
                 	STD  Z+@0+3,R25
                 	.ENDM
                 
                 	.MACRO __CLRD1S
                 	STD  Y+@0,R30
                 	STD  Y+@0+1,R30
                 	STD  Y+@0+2,R30
                 	STD  Y+@0+3,R30
                 	.ENDM
                 
                 	.MACRO __POINTB1MN
                 	LDI  R30,LOW(@0+(@1))
                 	.ENDM
                 
                 	.MACRO __POINTW1MN
                 	LDI  R30,LOW(@0+(@1))
                 	LDI  R31,HIGH(@0+(@1))
                 	.ENDM
                 
                 	.MACRO __POINTD1M
                 	LDI  R30,LOW(@0)
                 	LDI  R31,HIGH(@0)
                 	LDI  R22,BYTE3(@0)
                 	LDI  R23,BYTE4(@0)
                 	.ENDM
                 
                 	.MACRO __POINTW1FN
                 	LDI  R30,LOW(2*@0+(@1))
                 	LDI  R31,HIGH(2*@0+(@1))
                 	.ENDM
                 
                 	.MACRO __POINTD1FN
                 	LDI  R30,LOW(2*@0+(@1))
                 	LDI  R31,HIGH(2*@0+(@1))
                 	LDI  R22,BYTE3(2*@0+(@1))
                 	LDI  R23,BYTE4(2*@0+(@1))
                 	.ENDM
                 
                 	.MACRO __POINTB2MN
                 	LDI  R26,LOW(@0+(@1))
                 	.ENDM
                 
                 	.MACRO __POINTW2MN
                 	LDI  R26,LOW(@0+(@1))
                 	LDI  R27,HIGH(@0+(@1))
                 	.ENDM
                 
                 	.MACRO __POINTW2FN
                 	LDI  R26,LOW(2*@0+(@1))
                 	LDI  R27,HIGH(2*@0+(@1))
                 	.ENDM
                 
                 	.MACRO __POINTD2FN
                 	LDI  R26,LOW(2*@0+(@1))
                 	LDI  R27,HIGH(2*@0+(@1))
                 	LDI  R24,BYTE3(2*@0+(@1))
                 	LDI  R25,BYTE4(2*@0+(@1))
                 	.ENDM
                 
                 	.MACRO __POINTBRM
                 	LDI  R@0,LOW(@1)
                 	.ENDM
                 
                 	.MACRO __POINTWRM
                 	LDI  R@0,LOW(@2)
                 	LDI  R@1,HIGH(@2)
                 	.ENDM
                 
                 	.MACRO __POINTBRMN
                 	LDI  R@0,LOW(@1+(@2))
                 	.ENDM
                 
                 	.MACRO __POINTWRMN
                 	LDI  R@0,LOW(@2+(@3))
                 	LDI  R@1,HIGH(@2+(@3))
                 	.ENDM
                 
                 	.MACRO __POINTWRFN
                 	LDI  R@0,LOW(@2*2+(@3))
                 	LDI  R@1,HIGH(@2*2+(@3))
                 	.ENDM
                 
                 	.MACRO __GETD1N
                 	LDI  R30,LOW(@0)
                 	LDI  R31,HIGH(@0)
                 	LDI  R22,BYTE3(@0)
                 	LDI  R23,BYTE4(@0)
                 	.ENDM
                 
                 	.MACRO __GETD2N
                 	LDI  R26,LOW(@0)
                 	LDI  R27,HIGH(@0)
                 	LDI  R24,BYTE3(@0)
                 	LDI  R25,BYTE4(@0)
                 	.ENDM
                 
                 	.MACRO __GETB1MN
                 	LDS  R30,@0+(@1)
                 	.ENDM
                 
                 	.MACRO __GETB1HMN
                 	LDS  R31,@0+(@1)
                 	.ENDM
                 
                 	.MACRO __GETW1MN
                 	LDS  R30,@0+(@1)
                 	LDS  R31,@0+(@1)+1
                 	.ENDM
                 
                 	.MACRO __GETD1MN
                 	LDS  R30,@0+(@1)
                 	LDS  R31,@0+(@1)+1
                 	LDS  R22,@0+(@1)+2
                 	LDS  R23,@0+(@1)+3
                 	.ENDM
                 
                 	.MACRO __GETBRMN
                 	LDS  R@0,@1+(@2)
                 	.ENDM
                 
                 	.MACRO __GETWRMN
                 	LDS  R@0,@2+(@3)
                 	LDS  R@1,@2+(@3)+1
                 	.ENDM
                 
                 	.MACRO __GETWRZ
                 	LDD  R@0,Z+@2
                 	LDD  R@1,Z+@2+1
                 	.ENDM
                 
                 	.MACRO __GETD2Z
                 	LDD  R26,Z+@0
                 	LDD  R27,Z+@0+1
                 	LDD  R24,Z+@0+2
                 	LDD  R25,Z+@0+3
                 	.ENDM
                 
                 	.MACRO __GETB2MN
                 	LDS  R26,@0+(@1)
                 	.ENDM
                 
                 	.MACRO __GETW2MN
                 	LDS  R26,@0+(@1)
                 	LDS  R27,@0+(@1)+1
                 	.ENDM
                 
                 	.MACRO __GETD2MN
                 	LDS  R26,@0+(@1)
                 	LDS  R27,@0+(@1)+1
                 	LDS  R24,@0+(@1)+2
                 	LDS  R25,@0+(@1)+3
                 	.ENDM
                 
                 	.MACRO __PUTB1MN
                 	STS  @0+(@1),R30
                 	.ENDM
                 
                 	.MACRO __PUTW1MN
                 	STS  @0+(@1),R30
                 	STS  @0+(@1)+1,R31
                 	.ENDM
                 
                 	.MACRO __PUTD1MN
                 	STS  @0+(@1),R30
                 	STS  @0+(@1)+1,R31
                 	STS  @0+(@1)+2,R22
                 	STS  @0+(@1)+3,R23
                 	.ENDM
                 
                 	.MACRO __PUTB1EN
                 	LDI  R26,LOW(@0+(@1))
                 	LDI  R27,HIGH(@0+(@1))
                 	CALL __EEPROMWRB
                 	.ENDM
                 
                 	.MACRO __PUTW1EN
                 	LDI  R26,LOW(@0+(@1))
                 	LDI  R27,HIGH(@0+(@1))
                 	CALL __EEPROMWRW
                 	.ENDM
                 
                 	.MACRO __PUTD1EN
                 	LDI  R26,LOW(@0+(@1))
                 	LDI  R27,HIGH(@0+(@1))
                 	CALL __EEPROMWRD
                 	.ENDM
                 
                 	.MACRO __PUTBR0MN
                 	STS  @0+(@1),R0
                 	.ENDM
                 
                 	.MACRO __PUTBMRN
                 	STS  @0+(@1),R@2
                 	.ENDM
                 
                 	.MACRO __PUTWMRN
                 	STS  @0+(@1),R@2
                 	STS  @0+(@1)+1,R@3
                 	.ENDM
                 
                 	.MACRO __PUTBZR
                 	STD  Z+@1,R@0
                 	.ENDM
                 
                 	.MACRO __PUTWZR
                 	STD  Z+@2,R@0
                 	STD  Z+@2+1,R@1
                 	.ENDM
                 
                 	.MACRO __GETW1R
                 	MOV  R30,R@0
                 	MOV  R31,R@1
                 	.ENDM
                 
                 	.MACRO __GETW2R
                 	MOV  R26,R@0
                 	MOV  R27,R@1
                 	.ENDM
                 
                 	.MACRO __GETWRN
                 	LDI  R@0,LOW(@2)
                 	LDI  R@1,HIGH(@2)
                 	.ENDM
                 
                 	.MACRO __PUTW1R
                 	MOV  R@0,R30
                 	MOV  R@1,R31
                 	.ENDM
                 
                 	.MACRO __PUTW2R
                 	MOV  R@0,R26
                 	MOV  R@1,R27
                 	.ENDM
                 
                 	.MACRO __ADDWRN
                 	SUBI R@0,LOW(-@2)
                 	SBCI R@1,HIGH(-@2)
                 	.ENDM
                 
                 	.MACRO __ADDWRR
                 	ADD  R@0,R@2
                 	ADC  R@1,R@3
                 	.ENDM
                 
                 	.MACRO __SUBWRN
                 	SUBI R@0,LOW(@2)
                 	SBCI R@1,HIGH(@2)
                 	.ENDM
                 
                 	.MACRO __SUBWRR
                 	SUB  R@0,R@2
                 	SBC  R@1,R@3
                 	.ENDM
                 
                 	.MACRO __ANDWRN
                 	ANDI R@0,LOW(@2)
                 	ANDI R@1,HIGH(@2)
                 	.ENDM
                 
                 	.MACRO __ANDWRR
                 	AND  R@0,R@2
                 	AND  R@1,R@3
                 	.ENDM
                 
                 	.MACRO __ORWRN
                 	ORI  R@0,LOW(@2)
                 	ORI  R@1,HIGH(@2)
                 	.ENDM
                 
                 	.MACRO __ORWRR
                 	OR   R@0,R@2
                 	OR   R@1,R@3
                 	.ENDM
                 
                 	.MACRO __EORWRR
                 	EOR  R@0,R@2
                 	EOR  R@1,R@3
                 	.ENDM
                 
                 	.MACRO __GETWRS
                 	LDD  R@0,Y+@2
                 	LDD  R@1,Y+@2+1
                 	.ENDM
                 
                 	.MACRO __PUTBSR
                 	STD  Y+@1,R@0
                 	.ENDM
                 
                 	.MACRO __PUTWSR
                 	STD  Y+@2,R@0
                 	STD  Y+@2+1,R@1
                 	.ENDM
                 
                 	.MACRO __MOVEWRR
                 	MOV  R@0,R@2
                 	MOV  R@1,R@3
                 	.ENDM
                 
                 	.MACRO __INWR
                 	IN   R@0,@2
                 	IN   R@1,@2+1
                 	.ENDM
                 
                 	.MACRO __OUTWR
                 	OUT  @2+1,R@1
                 	OUT  @2,R@0
                 	.ENDM
                 
                 	.MACRO __CALL1MN
                 	LDS  R30,@0+(@1)
                 	LDS  R31,@0+(@1)+1
                 	ICALL
                 	.ENDM
                 
                 	.MACRO __CALL1FN
                 	LDI  R30,LOW(2*@0+(@1))
                 	LDI  R31,HIGH(2*@0+(@1))
                 	CALL __GETW1PF
                 	ICALL
                 	.ENDM
                 
                 	.MACRO __CALL2EN
                 	PUSH R26
                 	PUSH R27
                 	LDI  R26,LOW(@0+(@1))
                 	LDI  R27,HIGH(@0+(@1))
                 	CALL __EEPROMRDW
                 	POP  R27
                 	POP  R26
                 	ICALL
                 	.ENDM
                 
                 	.MACRO __CALL2EX
                 	SUBI R26,LOW(-@0)
                 	SBCI R27,HIGH(-@0)
                 	CALL __EEPROMRDD
                 	ICALL
                 	.ENDM
                 
                 	.MACRO __GETW1STACK
                 	IN   R30,SPL
                 	IN   R31,SPH
                 	ADIW R30,@0+1
                 	LD   R0,Z+
                 	LD   R31,Z
                 	MOV  R30,R0
                 	.ENDM
                 
                 	.MACRO __GETD1STACK
                 	IN   R30,SPL
                 	IN   R31,SPH
                 	ADIW R30,@0+1
                 	LD   R0,Z+
                 	LD   R1,Z+
                 	LD   R22,Z
                 	MOVW R30,R0
                 	.ENDM
                 
                 	.MACRO __NBST
                 	BST  R@0,@1
                 	IN   R30,SREG
                 	LDI  R31,0x40
                 	EOR  R30,R31
                 	OUT  SREG,R30
                 	.ENDM
                 
                 
                 	.MACRO __PUTB1SN
                 	LDD  R26,Y+@0
                 	LDD  R27,Y+@0+1
                 	SUBI R26,LOW(-@1)
                 	SBCI R27,HIGH(-@1)
                 	ST   X,R30
                 	.ENDM
                 
                 	.MACRO __PUTW1SN
                 	LDD  R26,Y+@0
                 	LDD  R27,Y+@0+1
                 	SUBI R26,LOW(-@1)
                 	SBCI R27,HIGH(-@1)
                 	ST   X+,R30
                 	ST   X,R31
                 	.ENDM
                 
                 	.MACRO __PUTD1SN
                 	LDD  R26,Y+@0
                 	LDD  R27,Y+@0+1
                 	SUBI R26,LOW(-@1)
                 	SBCI R27,HIGH(-@1)
                 	CALL __PUTDP1
                 	.ENDM
                 
                 	.MACRO __PUTB1SNS
                 	LDD  R26,Y+@0
                 	LDD  R27,Y+@0+1
                 	ADIW R26,@1
                 	ST   X,R30
                 	.ENDM
                 
                 	.MACRO __PUTW1SNS
                 	LDD  R26,Y+@0
                 	LDD  R27,Y+@0+1
                 	ADIW R26,@1
                 	ST   X+,R30
                 	ST   X,R31
                 	.ENDM
                 
                 	.MACRO __PUTD1SNS
                 	LDD  R26,Y+@0
                 	LDD  R27,Y+@0+1
                 	ADIW R26,@1
                 	CALL __PUTDP1
                 	.ENDM
                 
                 	.MACRO __PUTB1PMN
                 	LDS  R26,@0
                 	LDS  R27,@0+1
                 	SUBI R26,LOW(-@1)
                 	SBCI R27,HIGH(-@1)
                 	ST   X,R30
                 	.ENDM
                 
                 	.MACRO __PUTW1PMN
                 	LDS  R26,@0
                 	LDS  R27,@0+1
                 	SUBI R26,LOW(-@1)
                 	SBCI R27,HIGH(-@1)
                 	ST   X+,R30
                 	ST   X,R31
                 	.ENDM
                 
                 	.MACRO __PUTD1PMN
                 	LDS  R26,@0
                 	LDS  R27,@0+1
                 	SUBI R26,LOW(-@1)
                 	SBCI R27,HIGH(-@1)
                 	CALL __PUTDP1
                 	.ENDM
                 
                 	.MACRO __PUTB1PMNS
                 	LDS  R26,@0
                 	LDS  R27,@0+1
                 	ADIW R26,@1
                 	ST   X,R30
                 	.ENDM
                 
                 	.MACRO __PUTW1PMNS
                 	LDS  R26,@0
                 	LDS  R27,@0+1
                 	ADIW R26,@1
                 	ST   X+,R30
                 	ST   X,R31
                 	.ENDM
                 
                 	.MACRO __PUTD1PMNS
                 	LDS  R26,@0
                 	LDS  R27,@0+1
                 	ADIW R26,@1
                 	CALL __PUTDP1
                 	.ENDM
                 
                 	.MACRO __PUTB1RN
                 	MOVW R26,R@0
                 	SUBI R26,LOW(-@1)
                 	SBCI R27,HIGH(-@1)
                 	ST   X,R30
                 	.ENDM
                 
                 	.MACRO __PUTW1RN
                 	MOVW R26,R@0
                 	SUBI R26,LOW(-@1)
                 	SBCI R27,HIGH(-@1)
                 	ST   X+,R30
                 	ST   X,R31
                 	.ENDM
                 
                 	.MACRO __PUTD1RN
                 	MOVW R26,R@0
                 	SUBI R26,LOW(-@1)
                 	SBCI R27,HIGH(-@1)
                 	CALL __PUTDP1
                 	.ENDM
                 
                 	.MACRO __PUTB1RNS
                 	MOVW R26,R@0
                 	ADIW R26,@1
                 	ST   X,R30
                 	.ENDM
                 
                 	.MACRO __PUTW1RNS
                 	MOVW R26,R@0
                 	ADIW R26,@1
                 	ST   X+,R30
                 	ST   X,R31
                 	.ENDM
                 
                 	.MACRO __PUTD1RNS
                 	MOVW R26,R@0
                 	ADIW R26,@1
                 	CALL __PUTDP1
                 	.ENDM
                 
                 	.MACRO __PUTB1RON
                 	MOV  R26,R@0
                 	MOV  R27,R@1
                 	SUBI R26,LOW(-@2)
                 	SBCI R27,HIGH(-@2)
                 	ST   X,R30
                 	.ENDM
                 
                 	.MACRO __PUTW1RON
                 	MOV  R26,R@0
                 	MOV  R27,R@1
                 	SUBI R26,LOW(-@2)
                 	SBCI R27,HIGH(-@2)
                 	ST   X+,R30
                 	ST   X,R31
                 	.ENDM
                 
                 	.MACRO __PUTD1RON
                 	MOV  R26,R@0
                 	MOV  R27,R@1
                 	SUBI R26,LOW(-@2)
                 	SBCI R27,HIGH(-@2)
                 	CALL __PUTDP1
                 	.ENDM
                 
                 	.MACRO __PUTB1RONS
                 	MOV  R26,R@0
                 	MOV  R27,R@1
                 	ADIW R26,@2
                 	ST   X,R30
                 	.ENDM
                 
                 	.MACRO __PUTW1RONS
                 	MOV  R26,R@0
                 	MOV  R27,R@1
                 	ADIW R26,@2
                 	ST   X+,R30
                 	ST   X,R31
                 	.ENDM
                 
                 	.MACRO __PUTD1RONS
                 	MOV  R26,R@0
                 	MOV  R27,R@1
                 	ADIW R26,@2
                 	CALL __PUTDP1
                 	.ENDM
                 
                 
                 	.MACRO __GETB1SX
                 	MOVW R30,R28
                 	SUBI R30,LOW(-@0)
                 	SBCI R31,HIGH(-@0)
                 	LD   R30,Z
                 	.ENDM
                 
                 	.MACRO __GETB1HSX
                 	MOVW R30,R28
                 	SUBI R30,LOW(-@0)
                 	SBCI R31,HIGH(-@0)
                 	LD   R31,Z
                 	.ENDM
                 
                 	.MACRO __GETW1SX
                 	MOVW R30,R28
                 	SUBI R30,LOW(-@0)
                 	SBCI R31,HIGH(-@0)
                 	LD   R0,Z+
                 	LD   R31,Z
                 	MOV  R30,R0
                 	.ENDM
                 
                 	.MACRO __GETD1SX
                 	MOVW R30,R28
                 	SUBI R30,LOW(-@0)
                 	SBCI R31,HIGH(-@0)
                 	LD   R0,Z+
                 	LD   R1,Z+
                 	LD   R22,Z+
                 	LD   R23,Z
                 	MOVW R30,R0
                 	.ENDM
                 
                 	.MACRO __GETB2SX
                 	MOVW R26,R28
                 	SUBI R26,LOW(-@0)
                 	SBCI R27,HIGH(-@0)
                 	LD   R26,X
                 	.ENDM
                 
                 	.MACRO __GETW2SX
                 	MOVW R26,R28
                 	SUBI R26,LOW(-@0)
                 	SBCI R27,HIGH(-@0)
                 	LD   R0,X+
                 	LD   R27,X
                 	MOV  R26,R0
                 	.ENDM
                 
                 	.MACRO __GETD2SX
                 	MOVW R26,R28
                 	SUBI R26,LOW(-@0)
                 	SBCI R27,HIGH(-@0)
                 	LD   R0,X+
                 	LD   R1,X+
                 	LD   R24,X+
                 	LD   R25,X
                 	MOVW R26,R0
                 	.ENDM
                 
                 	.MACRO __GETBRSX
                 	MOVW R30,R28
                 	SUBI R30,LOW(-@1)
                 	SBCI R31,HIGH(-@1)
                 	LD   R@0,Z
                 	.ENDM
                 
                 	.MACRO __GETWRSX
                 	MOVW R30,R28
                 	SUBI R30,LOW(-@2)
                 	SBCI R31,HIGH(-@2)
                 	LD   R@0,Z+
                 	LD   R@1,Z
                 	.ENDM
                 
                 	.MACRO __GETBRSX2
                 	MOVW R26,R28
                 	SUBI R26,LOW(-@1)
                 	SBCI R27,HIGH(-@1)
                 	LD   R@0,X
                 	.ENDM
                 
                 	.MACRO __GETWRSX2
                 	MOVW R26,R28
                 	SUBI R26,LOW(-@2)
                 	SBCI R27,HIGH(-@2)
                 	LD   R@0,X+
                 	LD   R@1,X
                 	.ENDM
                 
                 	.MACRO __LSLW8SX
                 	MOVW R30,R28
                 	SUBI R30,LOW(-@0)
                 	SBCI R31,HIGH(-@0)
                 	LD   R31,Z
                 	CLR  R30
                 	.ENDM
                 
                 	.MACRO __PUTB1SX
                 	MOVW R26,R28
                 	SUBI R26,LOW(-@0)
                 	SBCI R27,HIGH(-@0)
                 	ST   X,R30
                 	.ENDM
                 
                 	.MACRO __PUTW1SX
                 	MOVW R26,R28
                 	SUBI R26,LOW(-@0)
                 	SBCI R27,HIGH(-@0)
                 	ST   X+,R30
                 	ST   X,R31
                 	.ENDM
                 
                 	.MACRO __PUTD1SX
                 	MOVW R26,R28
                 	SUBI R26,LOW(-@0)
                 	SBCI R27,HIGH(-@0)
                 	ST   X+,R30
                 	ST   X+,R31
                 	ST   X+,R22
                 	ST   X,R23
                 	.ENDM
                 
                 	.MACRO __CLRW1SX
                 	MOVW R26,R28
                 	SUBI R26,LOW(-@0)
                 	SBCI R27,HIGH(-@0)
                 	ST   X+,R30
                 	ST   X,R30
                 	.ENDM
                 
                 	.MACRO __CLRD1SX
                 	MOVW R26,R28
                 	SUBI R26,LOW(-@0)
                 	SBCI R27,HIGH(-@0)
                 	ST   X+,R30
                 	ST   X+,R30
                 	ST   X+,R30
                 	ST   X,R30
                 	.ENDM
                 
                 	.MACRO __PUTB2SX
                 	MOVW R30,R28
                 	SUBI R30,LOW(-@0)
                 	SBCI R31,HIGH(-@0)
                 	ST   Z,R26
                 	.ENDM
                 
                 	.MACRO __PUTW2SX
                 	MOVW R30,R28
                 	SUBI R30,LOW(-@0)
                 	SBCI R31,HIGH(-@0)
                 	ST   Z+,R26
                 	ST   Z,R27
                 	.ENDM
                 
                 	.MACRO __PUTD2SX
                 	MOVW R30,R28
                 	SUBI R30,LOW(-@0)
                 	SBCI R31,HIGH(-@0)
                 	ST   Z+,R26
                 	ST   Z+,R27
                 	ST   Z+,R24
                 	ST   Z,R25
                 	.ENDM
                 
                 	.MACRO __PUTBSRX
                 	MOVW R30,R28
                 	SUBI R30,LOW(-@1)
                 	SBCI R31,HIGH(-@1)
                 	ST   Z,R@0
                 	.ENDM
                 
                 	.MACRO __PUTWSRX
                 	MOVW R30,R28
                 	SUBI R30,LOW(-@2)
                 	SBCI R31,HIGH(-@2)
                 	ST   Z+,R@0
                 	ST   Z,R@1
                 	.ENDM
                 
                 	.MACRO __PUTB1SNX
                 	MOVW R26,R28
                 	SUBI R26,LOW(-@0)
                 	SBCI R27,HIGH(-@0)
                 	LD   R0,X+
                 	LD   R27,X
                 	MOV  R26,R0
                 	SUBI R26,LOW(-@1)
                 	SBCI R27,HIGH(-@1)
                 	ST   X,R30
                 	.ENDM
                 
                 	.MACRO __PUTW1SNX
                 	MOVW R26,R28
                 	SUBI R26,LOW(-@0)
                 	SBCI R27,HIGH(-@0)
                 	LD   R0,X+
                 	LD   R27,X
                 	MOV  R26,R0
                 	SUBI R26,LOW(-@1)
                 	SBCI R27,HIGH(-@1)
                 	ST   X+,R30
                 	ST   X,R31
                 	.ENDM
                 
                 	.MACRO __PUTD1SNX
                 	MOVW R26,R28
                 	SUBI R26,LOW(-@0)
                 	SBCI R27,HIGH(-@0)
                 	LD   R0,X+
                 	LD   R27,X
                 	MOV  R26,R0
                 	SUBI R26,LOW(-@1)
                 	SBCI R27,HIGH(-@1)
                 	ST   X+,R30
                 	ST   X+,R31
                 	ST   X+,R22
                 	ST   X,R23
                 	.ENDM
                 
                 	.MACRO __MULBRR
                 	MULS R@0,R@1
                 	MOVW R30,R0
                 	.ENDM
                 
                 	.MACRO __MULBRRU
                 	MUL  R@0,R@1
                 	MOVW R30,R0
                 	.ENDM
                 
                 	.MACRO __MULBRR0
                 	MULS R@0,R@1
                 	.ENDM
                 
                 	.MACRO __MULBRRU0
                 	MUL  R@0,R@1
                 	.ENDM
                 
                 	.MACRO __MULBNWRU
                 	LDI  R26,@2
                 	MUL  R26,R@0
                 	MOVW R30,R0
                 	MUL  R26,R@1
                 	ADD  R31,R0
                 	.ENDM
                 
                 ;NAME DEFINITIONS FOR GLOBAL VARIABLES ALLOCATED TO REGISTERS
                 	.DEF _x=R5
                 	.DEF _rx_wr_index=R4
                 	.DEF _rx_rd_index=R7
                 	.DEF _rx_counter=R6
                 	.DEF _tx_wr_index=R9
                 	.DEF _tx_rd_index=R8
                 	.DEF _tx_counter=R11
                 	.DEF __lcd_x=R10
                 	.DEF __lcd_y=R13
                 	.DEF __lcd_maxx=R12
                 
                 	.CSEG
                 	.ORG 0x00
                 
                 ;START OF CODE MARKER
                 __START_OF_CODE:
                 
                 ;INTERRUPT VECTORS
000000 940c 004b 	JMP  __RESET
000002 940c 0000 	JMP  0x00
000004 940c 0000 	JMP  0x00
000006 940c 0000 	JMP  0x00
000008 940c 0000 	JMP  0x00
00000a 940c 0000 	JMP  0x00
00000c 940c 0000 	JMP  0x00
00000e 940c 0000 	JMP  0x00
000010 940c 0000 	JMP  0x00
000012 940c 0000 	JMP  0x00
000014 940c 0000 	JMP  0x00
000016 940c 0000 	JMP  0x00
000018 940c 0000 	JMP  0x00
00001a 940c 0078 	JMP  _usart_rx_isr
00001c 940c 0000 	JMP  0x00
00001e 940c 00aa 	JMP  _usart_tx_isr
000020 940c 0000 	JMP  0x00
000022 940c 0000 	JMP  0x00
000024 940c 0000 	JMP  0x00
000026 940c 0000 	JMP  0x00
000028 940c 0000 	JMP  0x00
                 
                 _tbl10_G101:
00002a 2710
00002b 03e8
00002c 0064
00002d 000a      	.DB  0x10,0x27,0xE8,0x3,0x64,0x0,0xA,0x0
00002e 0001      	.DB  0x1,0x0
                 _tbl16_G101:
00002f 1000
000030 0100
000031 0010
000032 0001      	.DB  0x0,0x10,0x0,0x1,0x10,0x0,0x1,0x0
                 
                 ;REGISTER BIT VARIABLES INITIALIZATION
                 __REG_BIT_VARS:
000033 0000      	.DW  0x0000
                 
                 ;GLOBAL REGISTER VARIABLES INITIALIZATION
                 __REG_VARS:
000034 0000
000035 0000      	.DB  0x0,0x0,0x0,0x0
000036 0000
000037 0000      	.DB  0x0,0x0,0x0,0x0
                 
                 _0x0:
000038 6548
000039 6c6c
00003a 006f
00003b 6425      	.DB  0x48,0x65,0x6C,0x6C,0x6F,0x0,0x25,0x64
G:\GitRepositories\7th Semester\Micro Processor Lab 2019\Project\Client\Client Code\Debug\List\client.asm(1145): warning: .cseg .db misalignment - padding zero byte
00003c 0000      	.DB  0x0
                 _0x2000003:
00003d c080      	.DB  0x80,0xC0
                 
                 __GLOBAL_INI_TBL:
00003e 0001      	.DW  0x01
00003f 0002      	.DW  0x02
000040 0066      	.DW  __REG_BIT_VARS*2
                 
000041 0008      	.DW  0x08
000042 0004      	.DW  0x04
000043 0068      	.DW  __REG_VARS*2
                 
000044 0006      	.DW  0x06
000045 0260      	.DW  _0x17
000046 0070      	.DW  _0x0*2
                 
000047 0002      	.DW  0x02
000048 02da      	.DW  __base_y_G100
000049 007a      	.DW  _0x2000003*2
                 
                 _0xFFFFFFFF:
00004a 0000      	.DW  0
                 
                 #define __GLOBAL_INI_TBL_PRESENT 1
                 
                 __RESET:
00004b 94f8      	CLI
00004c 27ee      	CLR  R30
00004d bbec      	OUT  EECR,R30
                 
                 ;INTERRUPT VECTORS ARE PLACED
                 ;AT THE START OF FLASH
00004e e0f1      	LDI  R31,1
00004f bffb      	OUT  GICR,R31
000050 bfeb      	OUT  GICR,R30
000051 bfe5      	OUT  MCUCR,R30
                 
                 ;CLEAR R2-R14
000052 e08d      	LDI  R24,(14-2)+1
000053 e0a2      	LDI  R26,2
000054 27bb      	CLR  R27
                 __CLEAR_REG:
000055 93ed      	ST   X+,R30
000056 958a      	DEC  R24
000057 f7e9      	BRNE __CLEAR_REG
                 
                 ;CLEAR SRAM
000058 e080      	LDI  R24,LOW(__CLEAR_SRAM_SIZE)
000059 e098      	LDI  R25,HIGH(__CLEAR_SRAM_SIZE)
00005a e6a0      	LDI  R26,__SRAM_START
                 __CLEAR_SRAM:
00005b 93ed      	ST   X+,R30
00005c 9701      	SBIW R24,1
00005d f7e9      	BRNE __CLEAR_SRAM
                 
                 ;GLOBAL VARIABLES INITIALIZATION
00005e e7ec      	LDI  R30,LOW(__GLOBAL_INI_TBL*2)
00005f e0f0      	LDI  R31,HIGH(__GLOBAL_INI_TBL*2)
                 __GLOBAL_INI_NEXT:
000060 9185      	LPM  R24,Z+
000061 9195      	LPM  R25,Z+
000062 9700      	SBIW R24,0
000063 f061      	BREQ __GLOBAL_INI_END
000064 91a5      	LPM  R26,Z+
000065 91b5      	LPM  R27,Z+
000066 9005      	LPM  R0,Z+
000067 9015      	LPM  R1,Z+
000068 01bf      	MOVW R22,R30
000069 01f0      	MOVW R30,R0
                 __GLOBAL_INI_LOOP:
00006a 9005      	LPM  R0,Z+
00006b 920d      	ST   X+,R0
00006c 9701      	SBIW R24,1
00006d f7e1      	BRNE __GLOBAL_INI_LOOP
00006e 01fb      	MOVW R30,R22
00006f cff0      	RJMP __GLOBAL_INI_NEXT
                 __GLOBAL_INI_END:
                 
                 ;HARDWARE STACK POINTER INITIALIZATION
000070 e5ef      	LDI  R30,LOW(__SRAM_END-__HEAP_SIZE)
000071 bfed      	OUT  SPL,R30
000072 e0e8      	LDI  R30,HIGH(__SRAM_END-__HEAP_SIZE)
000073 bfee      	OUT  SPH,R30
                 
                 ;DATA STACK POINTER INITIALIZATION
000074 e6c0      	LDI  R28,LOW(__SRAM_START+__DSTACK_SIZE)
000075 e0d2      	LDI  R29,HIGH(__SRAM_START+__DSTACK_SIZE)
                 
000076 940c 00c1 	JMP  _main
                 
                 	.ESEG
                 	.ORG 0
                 
                 	.DSEG
                 	.ORG 0x260
                 
                 	.CSEG
                 ;/*******************************************************
                 ;This program was created by the
                 ;CodeWizardAVR V3.12 Advanced
                 ;Automatic Program Generator
                 ;© Copyright 1998-2014 Pavel Haiduc, HP InfoTech s.r.l.
                 ;http://www.hpinfotech.com
                 ;
                 ;Project :
                 ;Version :
                 ;Date    : 1/23/2020
                 ;Author  :
                 ;Company :
                 ;Comments:
                 ;
                 ;
                 ;Chip type               : ATmega32
                 ;Program type            : Application
                 ;AVR Core Clock frequency: 8.000000 MHz
                 ;Memory model            : Small
                 ;External RAM size       : 0
                 ;Data Stack size         : 512
                 ;*******************************************************/
                 ;
                 ;#include <mega32.h>
                 	#ifndef __SLEEP_DEFINED__
                 	#define __SLEEP_DEFINED__
                 	.EQU __se_bit=0x80
                 	.EQU __sm_mask=0x70
                 	.EQU __sm_powerdown=0x20
                 	.EQU __sm_powersave=0x30
                 	.EQU __sm_standby=0x60
                 	.EQU __sm_ext_standby=0x70
                 	.EQU __sm_adc_noise_red=0x10
                 	.SET power_ctrl_reg=mcucr
                 	#endif
                 ;
                 ;// Alphanumeric LCD functions
                 ;#include <alcd.h>
                 ;#include <delay.h>
                 ;char str[100] ;
                 ;char x ;
                 ;// Declare your global variables here
                 ;
                 ;#define DATA_REGISTER_EMPTY (1<<UDRE)
                 ;#define RX_COMPLETE (1<<RXC)
                 ;#define FRAMING_ERROR (1<<FE)
                 ;#define PARITY_ERROR (1<<UPE)
                 ;#define DATA_OVERRUN (1<<DOR)
                 ;
                 ;// USART Receiver buffer
                 ;#define RX_BUFFER_SIZE 8
                 ;char rx_buffer[RX_BUFFER_SIZE];
                 ;
                 ;#if RX_BUFFER_SIZE <= 256
                 ;unsigned char rx_wr_index=0,rx_rd_index=0;
                 ;#else
                 ;unsigned int rx_wr_index=0,rx_rd_index=0;
                 ;#endif
                 ;
                 ;#if RX_BUFFER_SIZE < 256
                 ;unsigned char rx_counter=0;
                 ;#else
                 ;unsigned int rx_counter=0;
                 ;#endif
                 ;
                 ;// This flag is set on USART Receiver buffer overflow
                 ;bit rx_buffer_overflow;
                 ;
                 ;// USART Receiver interrupt service routine
                 ;interrupt [USART_RXC] void usart_rx_isr(void)
                 ; 0000 003C {
                 
                 	.CSEG
                 _usart_rx_isr:
                 ; .FSTART _usart_rx_isr
000078 93ea      	ST   -Y,R30
000079 93fa      	ST   -Y,R31
00007a b7ef      	IN   R30,SREG
00007b 93ea      	ST   -Y,R30
                 ; 0000 003D char status,data;
                 ; 0000 003E status=UCSRA;
00007c 931a      	ST   -Y,R17
00007d 930a      	ST   -Y,R16
                 ;	status -> R17
                 ;	data -> R16
00007e b11b      	IN   R17,11
                 ; 0000 003F data=UDR;
00007f b10c      	IN   R16,12
                 ; 0000 0040 if ((status & (FRAMING_ERROR | PARITY_ERROR | DATA_OVERRUN))==0)
000080 2fe1      	MOV  R30,R17
000081 71ec      	ANDI R30,LOW(0x1C)
000082 f489      	BRNE _0x3
                 ; 0000 0041    {
                 ; 0000 0042    rx_buffer[rx_wr_index++]=data;
000083 2de4      	MOV  R30,R4
000084 9443      	INC  R4
000085 e0f0      	LDI  R31,0
000086 53e6      	SUBI R30,LOW(-_rx_buffer)
000087 4ffd      	SBCI R31,HIGH(-_rx_buffer)
000088 8300      	ST   Z,R16
                 ; 0000 0043 #if RX_BUFFER_SIZE == 256
                 ; 0000 0044    // special case for receiver buffer size=256
                 ; 0000 0045    if (++rx_counter == 0) rx_buffer_overflow=1;
                 ; 0000 0046 #else
                 ; 0000 0047    if (rx_wr_index == RX_BUFFER_SIZE) rx_wr_index=0;
000089 e0e8      	LDI  R30,LOW(8)
00008a 15e4      	CP   R30,R4
00008b f409      	BRNE _0x4
00008c 2444      	CLR  R4
                 ; 0000 0048    if (++rx_counter == RX_BUFFER_SIZE)
                 _0x4:
00008d 9463      	INC  R6
00008e e0e8      	LDI  R30,LOW(8)
00008f 15e6      	CP   R30,R6
000090 f419      	BRNE _0x5
                 ; 0000 0049       {
                 ; 0000 004A       rx_counter=0;
000091 2466      	CLR  R6
                 ; 0000 004B       rx_buffer_overflow=1;
000092 9468      	SET
000093 f820      	BLD  R2,0
                 ; 0000 004C       }
                 ; 0000 004D #endif
                 ; 0000 004E    }
                 _0x5:
                 ; 0000 004F }
                 _0x3:
000094 9109      	LD   R16,Y+
000095 9119      	LD   R17,Y+
000096 c025      	RJMP _0x19
                 ; .FEND
                 ;
                 ;#ifndef _DEBUG_TERMINAL_IO_
                 ;// Get a character from the USART Receiver buffer
                 ;#define _ALTERNATE_GETCHAR_
                 ;#pragma used+
                 ;char getchar(void)
                 ; 0000 0056 {
                 _getchar:
                 ; .FSTART _getchar
                 ; 0000 0057 char data;
                 ; 0000 0058 while (rx_counter==0);
000097 931a      	ST   -Y,R17
                 ;	data -> R17
                 _0x6:
000098 2066      	TST  R6
000099 f3f1      	BREQ _0x6
                 ; 0000 0059 data=rx_buffer[rx_rd_index++];
00009a 2de7      	MOV  R30,R7
00009b 9473      	INC  R7
00009c e0f0      	LDI  R31,0
00009d 53e6      	SUBI R30,LOW(-_rx_buffer)
00009e 4ffd      	SBCI R31,HIGH(-_rx_buffer)
00009f 8110      	LD   R17,Z
                 ; 0000 005A #if RX_BUFFER_SIZE != 256
                 ; 0000 005B if (rx_rd_index == RX_BUFFER_SIZE) rx_rd_index=0;
0000a0 e0e8      	LDI  R30,LOW(8)
0000a1 15e7      	CP   R30,R7
0000a2 f409      	BRNE _0x9
0000a3 2477      	CLR  R7
                 ; 0000 005C #endif
                 ; 0000 005D #asm("cli")
                 _0x9:
0000a4 94f8      	cli
                 ; 0000 005E --rx_counter;
0000a5 946a      	DEC  R6
                 ; 0000 005F #asm("sei")
0000a6 9478      	sei
                 ; 0000 0060 return data;
0000a7 2fe1      	MOV  R30,R17
0000a8 9119      	LD   R17,Y+
0000a9 9508      	RET
                 ; 0000 0061 }
                 ; .FEND
                 ;#pragma used-
                 ;#endif
                 ;
                 ;// USART Transmitter buffer
                 ;#define TX_BUFFER_SIZE 8
                 ;char tx_buffer[TX_BUFFER_SIZE];
                 ;
                 ;#if TX_BUFFER_SIZE <= 256
                 ;unsigned char tx_wr_index=0,tx_rd_index=0;
                 ;#else
                 ;unsigned int tx_wr_index=0,tx_rd_index=0;
                 ;#endif
                 ;
                 ;#if TX_BUFFER_SIZE < 256
                 ;unsigned char tx_counter=0;
                 ;#else
                 ;unsigned int tx_counter=0;
                 ;#endif
                 ;
                 ;// USART Transmitter interrupt service routine
                 ;interrupt [USART_TXC] void usart_tx_isr(void)
                 ; 0000 0077 {
                 _usart_tx_isr:
                 ; .FSTART _usart_tx_isr
0000aa 93ea      	ST   -Y,R30
0000ab 93fa      	ST   -Y,R31
0000ac b7ef      	IN   R30,SREG
0000ad 93ea      	ST   -Y,R30
                 ; 0000 0078 if (tx_counter)
0000ae 20bb      	TST  R11
0000af f061      	BREQ _0xA
                 ; 0000 0079    {
                 ; 0000 007A    --tx_counter;
0000b0 94ba      	DEC  R11
                 ; 0000 007B    UDR=tx_buffer[tx_rd_index++];
0000b1 2de8      	MOV  R30,R8
0000b2 9483      	INC  R8
0000b3 e0f0      	LDI  R31,0
0000b4 52ee      	SUBI R30,LOW(-_tx_buffer)
0000b5 4ffd      	SBCI R31,HIGH(-_tx_buffer)
0000b6 81e0      	LD   R30,Z
0000b7 b9ec      	OUT  0xC,R30
                 ; 0000 007C #if TX_BUFFER_SIZE != 256
                 ; 0000 007D    if (tx_rd_index == TX_BUFFER_SIZE) tx_rd_index=0;
0000b8 e0e8      	LDI  R30,LOW(8)
0000b9 15e8      	CP   R30,R8
0000ba f409      	BRNE _0xB
0000bb 2488      	CLR  R8
                 ; 0000 007E #endif
                 ; 0000 007F    }
                 _0xB:
                 ; 0000 0080 }
                 _0xA:
                 _0x19:
0000bc 91e9      	LD   R30,Y+
0000bd bfef      	OUT  SREG,R30
0000be 91f9      	LD   R31,Y+
0000bf 91e9      	LD   R30,Y+
0000c0 9518      	RETI
                 ; .FEND
                 ;
                 ;#ifndef _DEBUG_TERMINAL_IO_
                 ;// Write a character to the USART Transmitter buffer
                 ;#define _ALTERNATE_PUTCHAR_
                 ;#pragma used+
                 ;void putchar(char c)
                 ; 0000 0087 {
                 ; 0000 0088 while (tx_counter == TX_BUFFER_SIZE);
                 ;	c -> Y+0
                 ; 0000 0089 #asm("cli")
                 ; 0000 008A if (tx_counter || ((UCSRA & DATA_REGISTER_EMPTY)==0))
                 ; 0000 008B    {
                 ; 0000 008C    tx_buffer[tx_wr_index++]=c;
                 ; 0000 008D #if TX_BUFFER_SIZE != 256
                 ; 0000 008E    if (tx_wr_index == TX_BUFFER_SIZE) tx_wr_index=0;
                 ; 0000 008F #endif
                 ; 0000 0090    ++tx_counter;
                 ; 0000 0091    }
                 ; 0000 0092 else
                 ; 0000 0093    UDR=c;
                 ; 0000 0094 #asm("sei")
                 ; 0000 0095 }
                 ;#pragma used-
                 ;#endif
                 ;
                 ;// Standard Input/Output functions
                 ;#include <stdio.h>
                 ;
                 ;void main(void)
                 ; 0000 009D {
                 _main:
                 ; .FSTART _main
                 ; 0000 009E // Declare your local variables here
                 ; 0000 009F 
                 ; 0000 00A0 // Input/Output Ports initialization
                 ; 0000 00A1 // Port A initialization
                 ; 0000 00A2 // Function: Bit7=In Bit6=In Bit5=In Bit4=In Bit3=In Bit2=In Bit1=In Bit0=In
                 ; 0000 00A3 DDRA=(0<<DDA7) | (0<<DDA6) | (0<<DDA5) | (0<<DDA4) | (0<<DDA3) | (0<<DDA2) | (0<<DDA1) | (0<<DDA0);
0000c1 e0e0      	LDI  R30,LOW(0)
0000c2 bbea      	OUT  0x1A,R30
                 ; 0000 00A4 // State: Bit7=T Bit6=T Bit5=T Bit4=T Bit3=T Bit2=T Bit1=T Bit0=T
                 ; 0000 00A5 PORTA=(0<<PORTA7) | (0<<PORTA6) | (0<<PORTA5) | (0<<PORTA4) | (0<<PORTA3) | (0<<PORTA2) | (0<<PORTA1) | (0<<PORTA0);
0000c3 bbeb      	OUT  0x1B,R30
                 ; 0000 00A6 
                 ; 0000 00A7 // Port B initialization
                 ; 0000 00A8 // Function: Bit7=In Bit6=In Bit5=In Bit4=In Bit3=In Bit2=In Bit1=In Bit0=In
                 ; 0000 00A9 DDRB=(0<<DDB7) | (0<<DDB6) | (0<<DDB5) | (0<<DDB4) | (0<<DDB3) | (0<<DDB2) | (0<<DDB1) | (0<<DDB0);
0000c4 bbe7      	OUT  0x17,R30
                 ; 0000 00AA // State: Bit7=T Bit6=T Bit5=T Bit4=T Bit3=T Bit2=T Bit1=T Bit0=T
                 ; 0000 00AB PORTB=(0<<PORTB7) | (0<<PORTB6) | (0<<PORTB5) | (0<<PORTB4) | (0<<PORTB3) | (0<<PORTB2) | (0<<PORTB1) | (0<<PORTB0);
0000c5 bbe8      	OUT  0x18,R30
                 ; 0000 00AC 
                 ; 0000 00AD // Port C initialization
                 ; 0000 00AE // Function: Bit7=In Bit6=In Bit5=In Bit4=In Bit3=In Bit2=In Bit1=In Bit0=In
                 ; 0000 00AF DDRC=(0<<DDC7) | (0<<DDC6) | (0<<DDC5) | (0<<DDC4) | (0<<DDC3) | (0<<DDC2) | (0<<DDC1) | (0<<DDC0);
0000c6 bbe4      	OUT  0x14,R30
                 ; 0000 00B0 // State: Bit7=T Bit6=T Bit5=T Bit4=T Bit3=T Bit2=T Bit1=T Bit0=T
                 ; 0000 00B1 PORTC=(0<<PORTC7) | (0<<PORTC6) | (0<<PORTC5) | (0<<PORTC4) | (0<<PORTC3) | (0<<PORTC2) | (0<<PORTC1) | (0<<PORTC0);
0000c7 bbe5      	OUT  0x15,R30
                 ; 0000 00B2 
                 ; 0000 00B3 // Port D initialization
                 ; 0000 00B4 // Function: Bit7=In Bit6=In Bit5=In Bit4=In Bit3=In Bit2=In Bit1=In Bit0=In
                 ; 0000 00B5 DDRD=(0<<DDD7) | (0<<DDD6) | (0<<DDD5) | (0<<DDD4) | (0<<DDD3) | (0<<DDD2) | (0<<DDD1) | (0<<DDD0);
0000c8 bbe1      	OUT  0x11,R30
                 ; 0000 00B6 // State: Bit7=T Bit6=T Bit5=T Bit4=T Bit3=T Bit2=T Bit1=T Bit0=T
                 ; 0000 00B7 PORTD=(0<<PORTD7) | (0<<PORTD6) | (0<<PORTD5) | (0<<PORTD4) | (0<<PORTD3) | (0<<PORTD2) | (0<<PORTD1) | (0<<PORTD0);
0000c9 bbe2      	OUT  0x12,R30
                 ; 0000 00B8 
                 ; 0000 00B9 // Timer/Counter 0 initialization
                 ; 0000 00BA // Clock source: System Clock
                 ; 0000 00BB // Clock value: Timer 0 Stopped
                 ; 0000 00BC // Mode: Normal top=0xFF
                 ; 0000 00BD // OC0 output: Disconnected
                 ; 0000 00BE TCCR0=(0<<WGM00) | (0<<COM01) | (0<<COM00) | (0<<WGM01) | (0<<CS02) | (0<<CS01) | (0<<CS00);
0000ca bfe3      	OUT  0x33,R30
                 ; 0000 00BF TCNT0=0x00;
0000cb bfe2      	OUT  0x32,R30
                 ; 0000 00C0 OCR0=0x00;
0000cc bfec      	OUT  0x3C,R30
                 ; 0000 00C1 
                 ; 0000 00C2 // Timer/Counter 1 initialization
                 ; 0000 00C3 // Clock source: System Clock
                 ; 0000 00C4 // Clock value: Timer1 Stopped
                 ; 0000 00C5 // Mode: Normal top=0xFFFF
                 ; 0000 00C6 // OC1A output: Disconnected
                 ; 0000 00C7 // OC1B output: Disconnected
                 ; 0000 00C8 // Noise Canceler: Off
                 ; 0000 00C9 // Input Capture on Falling Edge
                 ; 0000 00CA // Timer1 Overflow Interrupt: Off
                 ; 0000 00CB // Input Capture Interrupt: Off
                 ; 0000 00CC // Compare A Match Interrupt: Off
                 ; 0000 00CD // Compare B Match Interrupt: Off
                 ; 0000 00CE TCCR1A=(0<<COM1A1) | (0<<COM1A0) | (0<<COM1B1) | (0<<COM1B0) | (0<<WGM11) | (0<<WGM10);
0000cd bdef      	OUT  0x2F,R30
                 ; 0000 00CF TCCR1B=(0<<ICNC1) | (0<<ICES1) | (0<<WGM13) | (0<<WGM12) | (0<<CS12) | (0<<CS11) | (0<<CS10);
0000ce bdee      	OUT  0x2E,R30
                 ; 0000 00D0 TCNT1H=0x00;
0000cf bded      	OUT  0x2D,R30
                 ; 0000 00D1 TCNT1L=0x00;
0000d0 bdec      	OUT  0x2C,R30
                 ; 0000 00D2 ICR1H=0x00;
0000d1 bde7      	OUT  0x27,R30
                 ; 0000 00D3 ICR1L=0x00;
0000d2 bde6      	OUT  0x26,R30
                 ; 0000 00D4 OCR1AH=0x00;
0000d3 bdeb      	OUT  0x2B,R30
                 ; 0000 00D5 OCR1AL=0x00;
0000d4 bdea      	OUT  0x2A,R30
                 ; 0000 00D6 OCR1BH=0x00;
0000d5 bde9      	OUT  0x29,R30
                 ; 0000 00D7 OCR1BL=0x00;
0000d6 bde8      	OUT  0x28,R30
                 ; 0000 00D8 
                 ; 0000 00D9 // Timer/Counter 2 initialization
                 ; 0000 00DA // Clock source: System Clock
                 ; 0000 00DB // Clock value: Timer2 Stopped
                 ; 0000 00DC // Mode: Normal top=0xFF
                 ; 0000 00DD // OC2 output: Disconnected
                 ; 0000 00DE ASSR=0<<AS2;
0000d7 bde2      	OUT  0x22,R30
                 ; 0000 00DF TCCR2=(0<<PWM2) | (0<<COM21) | (0<<COM20) | (0<<CTC2) | (0<<CS22) | (0<<CS21) | (0<<CS20);
0000d8 bde5      	OUT  0x25,R30
                 ; 0000 00E0 TCNT2=0x00;
0000d9 bde4      	OUT  0x24,R30
                 ; 0000 00E1 OCR2=0x00;
0000da bde3      	OUT  0x23,R30
                 ; 0000 00E2 
                 ; 0000 00E3 // Timer(s)/Counter(s) Interrupt(s) initialization
                 ; 0000 00E4 TIMSK=(0<<OCIE2) | (0<<TOIE2) | (0<<TICIE1) | (0<<OCIE1A) | (0<<OCIE1B) | (0<<TOIE1) | (0<<OCIE0) | (0<<TOIE0);
0000db bfe9      	OUT  0x39,R30
                 ; 0000 00E5 
                 ; 0000 00E6 // External Interrupt(s) initialization
                 ; 0000 00E7 // INT0: Off
                 ; 0000 00E8 // INT1: Off
                 ; 0000 00E9 // INT2: Off
                 ; 0000 00EA MCUCR=(0<<ISC11) | (0<<ISC10) | (0<<ISC01) | (0<<ISC00);
0000dc bfe5      	OUT  0x35,R30
                 ; 0000 00EB MCUCSR=(0<<ISC2);
0000dd bfe4      	OUT  0x34,R30
                 ; 0000 00EC 
                 ; 0000 00ED // USART initialization
                 ; 0000 00EE // Communication Parameters: 8 Data, 2 Stop, No Parity
                 ; 0000 00EF // USART Receiver: On
                 ; 0000 00F0 // USART Transmitter: On
                 ; 0000 00F1 // USART Mode: Asynchronous
                 ; 0000 00F2 // USART Baud Rate: 9600
                 ; 0000 00F3 UCSRA=(0<<RXC) | (0<<TXC) | (0<<UDRE) | (0<<FE) | (0<<DOR) | (0<<UPE) | (0<<U2X) | (0<<MPCM);
0000de b9eb      	OUT  0xB,R30
                 ; 0000 00F4 UCSRB=(1<<RXCIE) | (1<<TXCIE) | (0<<UDRIE) | (1<<RXEN) | (1<<TXEN) | (0<<UCSZ2) | (0<<RXB8) | (0<<TXB8);
0000df ede8      	LDI  R30,LOW(216)
0000e0 b9ea      	OUT  0xA,R30
                 ; 0000 00F5 UCSRC=(1<<URSEL) | (0<<UMSEL) | (0<<UPM1) | (0<<UPM0) | (1<<USBS) | (1<<UCSZ1) | (1<<UCSZ0) | (0<<UCPOL);
0000e1 e8ee      	LDI  R30,LOW(142)
0000e2 bde0      	OUT  0x20,R30
                 ; 0000 00F6 UBRRH=0x00;
0000e3 e0e0      	LDI  R30,LOW(0)
0000e4 bde0      	OUT  0x20,R30
                 ; 0000 00F7 UBRRL=0x33;
0000e5 e3e3      	LDI  R30,LOW(51)
0000e6 b9e9      	OUT  0x9,R30
                 ; 0000 00F8 
                 ; 0000 00F9 // Analog Comparator initialization
                 ; 0000 00FA // Analog Comparator: Off
                 ; 0000 00FB // The Analog Comparator's positive input is
                 ; 0000 00FC // connected to the AIN0 pin
                 ; 0000 00FD // The Analog Comparator's negative input is
                 ; 0000 00FE // connected to the AIN1 pin
                 ; 0000 00FF ACSR=(1<<ACD) | (0<<ACBG) | (0<<ACO) | (0<<ACI) | (0<<ACIE) | (0<<ACIC) | (0<<ACIS1) | (0<<ACIS0);
0000e7 e8e0      	LDI  R30,LOW(128)
0000e8 b9e8      	OUT  0x8,R30
                 ; 0000 0100 SFIOR=(0<<ACME);
0000e9 e0e0      	LDI  R30,LOW(0)
0000ea bfe0      	OUT  0x30,R30
                 ; 0000 0101 
                 ; 0000 0102 // ADC initialization
                 ; 0000 0103 // ADC disabled
                 ; 0000 0104 ADCSRA=(0<<ADEN) | (0<<ADSC) | (0<<ADATE) | (0<<ADIF) | (0<<ADIE) | (0<<ADPS2) | (0<<ADPS1) | (0<<ADPS0);
0000eb b9e6      	OUT  0x6,R30
                 ; 0000 0105 
                 ; 0000 0106 // SPI initialization
                 ; 0000 0107 // SPI disabled
                 ; 0000 0108 SPCR=(0<<SPIE) | (0<<SPE) | (0<<DORD) | (0<<MSTR) | (0<<CPOL) | (0<<CPHA) | (0<<SPR1) | (0<<SPR0);
0000ec b9ed      	OUT  0xD,R30
                 ; 0000 0109 
                 ; 0000 010A // TWI initialization
                 ; 0000 010B // TWI disabled
                 ; 0000 010C TWCR=(0<<TWEA) | (0<<TWSTA) | (0<<TWSTO) | (0<<TWEN) | (0<<TWIE);
0000ed bfe6      	OUT  0x36,R30
                 ; 0000 010D 
                 ; 0000 010E // Alphanumeric LCD initialization
                 ; 0000 010F // Connections are specified in the
                 ; 0000 0110 // Project|Configure|C Compiler|Libraries|Alphanumeric LCD menu:
                 ; 0000 0111 // RS - PORTC Bit 0
                 ; 0000 0112 // RD - PORTC Bit 1
                 ; 0000 0113 // EN - PORTC Bit 2
                 ; 0000 0114 // D4 - PORTC Bit 4
                 ; 0000 0115 // D5 - PORTC Bit 5
                 ; 0000 0116 // D6 - PORTC Bit 6
                 ; 0000 0117 // D7 - PORTC Bit 7
                 ; 0000 0118 // Characters/line: 16
                 ; 0000 0119 lcd_init(16);
0000ee e1a0      	LDI  R26,LOW(16)
0000ef d08d      	RCALL _lcd_init
                 ; 0000 011A 
                 ; 0000 011B // Global enable interrupts
                 ; 0000 011C #asm("sei")
0000f0 9478      	sei
                 ; 0000 011D 
                 ; 0000 011E lcd_puts( str );
0000f1 e6a6      	LDI  R26,LOW(_str)
0000f2 e0b2      	LDI  R27,HIGH(_str)
0000f3 d078      	RCALL _lcd_puts
                 ; 0000 011F while (1)
                 _0x14:
                 ; 0000 0120       {
                 ; 0000 0121       // Place your code here
                 ; 0000 0122       lcd_puts("Hello");
                +
0000f4 e6a0     +LDI R26 , LOW ( _0x17 + ( 0 ) )
0000f5 e0b2     +LDI R27 , HIGH ( _0x17 + ( 0 ) )
                 	__POINTW2MN _0x17,0
0000f6 d075      	RCALL _lcd_puts
                 ; 0000 0123       delay_ms(1000);
0000f7 eea8      	LDI  R26,LOW(1000)
0000f8 e0b3      	LDI  R27,HIGH(1000)
0000f9 940e 03a6 	CALL _delay_ms
                 ; 0000 0124       lcd_clear();
0000fb d04f      	RCALL _lcd_clear
                 ; 0000 0125       x = getchar();
0000fc df9a      	RCALL _getchar
0000fd 2e5e      	MOV  R5,R30
                 ; 0000 0126       sprintf(str,"%d",x);
0000fe e6e6      	LDI  R30,LOW(_str)
0000ff e0f2      	LDI  R31,HIGH(_str)
000100 93fa      	ST   -Y,R31
000101 93ea      	ST   -Y,R30
                +
000102 e7e6     +LDI R30 , LOW ( 2 * _0x0 + ( 6 ) )
000103 e0f0     +LDI R31 , HIGH ( 2 * _0x0 + ( 6 ) )
                 	__POINTW1FN _0x0,6
000104 93fa      	ST   -Y,R31
000105 93ea      	ST   -Y,R30
000106 2de5      	MOV  R30,R5
000107 27ff      	CLR  R31
000108 2766      	CLR  R22
000109 2777      	CLR  R23
00010a 940e 03c0 	CALL __PUTPARD1
00010c e084      	LDI  R24,4
00010d 940e 031f 	CALL _sprintf
00010f 9628      	ADIW R28,8
                 ; 0000 0127       //lcd_putchar(x);
                 ; 0000 0128       delay_ms(1000);
000110 eea8      	LDI  R26,LOW(1000)
000111 e0b3      	LDI  R27,HIGH(1000)
000112 940e 03a6 	CALL _delay_ms
                 ; 0000 0129       //scanf("%s",str);
                 ; 0000 012A       //delay_ms(1000);
                 ; 0000 012B       ///sprintf(str,"%s",x);
                 ; 0000 012C       lcd_puts( str );
000114 e6a6      	LDI  R26,LOW(_str)
000115 e0b2      	LDI  R27,HIGH(_str)
000116 d055      	RCALL _lcd_puts
                 ; 0000 012D       delay_ms(3000);
000117 eba8      	LDI  R26,LOW(3000)
000118 e0bb      	LDI  R27,HIGH(3000)
000119 940e 03a6 	CALL _delay_ms
                 ; 0000 012E       lcd_clear();
00011b d02f      	RCALL _lcd_clear
                 ; 0000 012F       }
00011c cfd7      	RJMP _0x14
                 ; 0000 0130 }
                 _0x18:
00011d cfff      	RJMP _0x18
                 ; .FEND
                 
                 	.DSEG
                 _0x17:
000260           	.BYTE 0x6
                 	#ifndef __SLEEP_DEFINED__
                 	#endif
                 
                 	.DSEG
                 
                 	.CSEG
                 __lcd_write_nibble_G100:
                 ; .FSTART __lcd_write_nibble_G100
00011e 93aa      	ST   -Y,R26
00011f b3e5      	IN   R30,0x15
000120 70ef      	ANDI R30,LOW(0xF)
000121 2fae      	MOV  R26,R30
000122 81e8      	LD   R30,Y
000123 7fe0      	ANDI R30,LOW(0xF0)
000124 2bea      	OR   R30,R26
000125 bbe5      	OUT  0x15,R30
                +
000126 e08d     +LDI R24 , LOW ( 13 )
                +__DELAY_USB_LOOP :
000127 958a     +DEC R24
000128 f7f1     +BRNE __DELAY_USB_LOOP
                 	__DELAY_USB 13
000129 9aaa      	SBI  0x15,2
                +
00012a e08d     +LDI R24 , LOW ( 13 )
                +__DELAY_USB_LOOP :
00012b 958a     +DEC R24
00012c f7f1     +BRNE __DELAY_USB_LOOP
                 	__DELAY_USB 13
00012d 98aa      	CBI  0x15,2
                +
00012e e08d     +LDI R24 , LOW ( 13 )
                +__DELAY_USB_LOOP :
00012f 958a     +DEC R24
000130 f7f1     +BRNE __DELAY_USB_LOOP
                 	__DELAY_USB 13
000131 c077      	RJMP _0x2080002
                 ; .FEND
                 __lcd_write_data:
                 ; .FSTART __lcd_write_data
000132 93aa      	ST   -Y,R26
000133 81a8      	LD   R26,Y
000134 dfe9      	RCALL __lcd_write_nibble_G100
000135 81e8          ld    r30,y
000136 95e2          swap  r30
000137 83e8          st    y,r30
000138 81a8      	LD   R26,Y
000139 dfe4      	RCALL __lcd_write_nibble_G100
                +
00013a e885     +LDI R24 , LOW ( 133 )
                +__DELAY_USB_LOOP :
00013b 958a     +DEC R24
00013c f7f1     +BRNE __DELAY_USB_LOOP
                 	__DELAY_USB 133
00013d c06b      	RJMP _0x2080002
                 ; .FEND
                 _lcd_gotoxy:
                 ; .FSTART _lcd_gotoxy
00013e 93aa      	ST   -Y,R26
00013f 81e8      	LD   R30,Y
000140 e0f0      	LDI  R31,0
000141 52e6      	SUBI R30,LOW(-__base_y_G100)
000142 4ffd      	SBCI R31,HIGH(-__base_y_G100)
000143 81e0      	LD   R30,Z
000144 81a9      	LDD  R26,Y+1
000145 0fae      	ADD  R26,R30
000146 dfeb      	RCALL __lcd_write_data
000147 80a9      	LDD  R10,Y+1
000148 80d8      	LDD  R13,Y+0
000149 9622      	ADIW R28,2
00014a 9508      	RET
                 ; .FEND
                 _lcd_clear:
                 ; .FSTART _lcd_clear
00014b e0a2      	LDI  R26,LOW(2)
00014c 940e 036c 	CALL SUBOPT_0x0
00014e e0ac      	LDI  R26,LOW(12)
00014f dfe2      	RCALL __lcd_write_data
000150 e0a1      	LDI  R26,LOW(1)
000151 940e 036c 	CALL SUBOPT_0x0
000153 e0e0      	LDI  R30,LOW(0)
000154 2ede      	MOV  R13,R30
000155 2eae      	MOV  R10,R30
000156 9508      	RET
                 ; .FEND
                 _lcd_putchar:
                 ; .FSTART _lcd_putchar
000157 93aa      	ST   -Y,R26
000158 81a8      	LD   R26,Y
000159 30aa      	CPI  R26,LOW(0xA)
00015a f011      	BREQ _0x2000005
00015b 14ac      	CP   R10,R12
00015c f048      	BRLO _0x2000004
                 _0x2000005:
00015d e0e0      	LDI  R30,LOW(0)
00015e 93ea      	ST   -Y,R30
00015f 94d3      	INC  R13
000160 2dad      	MOV  R26,R13
000161 dfdc      	RCALL _lcd_gotoxy
000162 81a8      	LD   R26,Y
000163 30aa      	CPI  R26,LOW(0xA)
000164 f409      	BRNE _0x2000007
000165 c043      	RJMP _0x2080002
                 _0x2000007:
                 _0x2000004:
000166 94a3      	INC  R10
000167 9aa8      	SBI  0x15,0
000168 81a8      	LD   R26,Y
000169 dfc8      	RCALL __lcd_write_data
00016a 98a8      	CBI  0x15,0
00016b c03d      	RJMP _0x2080002
                 ; .FEND
                 _lcd_puts:
                 ; .FSTART _lcd_puts
00016c 93ba      	ST   -Y,R27
00016d 93aa      	ST   -Y,R26
00016e 931a      	ST   -Y,R17
                 _0x2000008:
00016f 81a9      	LDD  R26,Y+1
000170 81ba      	LDD  R27,Y+1+1
000171 91ed      	LD   R30,X+
000172 83a9      	STD  Y+1,R26
000173 83ba      	STD  Y+1+1,R27
000174 2f1e      	MOV  R17,R30
000175 30e0      	CPI  R30,0
000176 f019      	BREQ _0x200000A
000177 2fa1      	MOV  R26,R17
000178 dfde      	RCALL _lcd_putchar
000179 cff5      	RJMP _0x2000008
                 _0x200000A:
00017a 8118      	LDD  R17,Y+0
00017b 9623      	ADIW R28,3
00017c 9508      	RET
                 ; .FEND
                 _lcd_init:
                 ; .FSTART _lcd_init
00017d 93aa      	ST   -Y,R26
00017e b3e4      	IN   R30,0x14
00017f 6fe0      	ORI  R30,LOW(0xF0)
000180 bbe4      	OUT  0x14,R30
000181 9aa2      	SBI  0x14,2
000182 9aa0      	SBI  0x14,0
000183 9aa1      	SBI  0x14,1
000184 98aa      	CBI  0x15,2
000185 98a8      	CBI  0x15,0
000186 98a9      	CBI  0x15,1
000187 80c8      	LDD  R12,Y+0
000188 81e8      	LD   R30,Y
000189 58e0      	SUBI R30,-LOW(128)
                +
00018a 93e0 02dc+STS __base_y_G100 + ( 2 ) , R30
                 	__PUTB1MN __base_y_G100,2
00018c 81e8      	LD   R30,Y
00018d 54e0      	SUBI R30,-LOW(192)
                +
00018e 93e0 02dd+STS __base_y_G100 + ( 3 ) , R30
                 	__PUTB1MN __base_y_G100,3
000190 e1a4      	LDI  R26,LOW(20)
000191 e0b0      	LDI  R27,0
000192 940e 03a6 	CALL _delay_ms
000194 940e 0372 	CALL SUBOPT_0x1
000196 940e 0372 	CALL SUBOPT_0x1
000198 940e 0372 	CALL SUBOPT_0x1
00019a e2a0      	LDI  R26,LOW(32)
00019b df82      	RCALL __lcd_write_nibble_G100
                +
00019c ec88     +LDI R24 , LOW ( 200 )
00019d e090     +LDI R25 , HIGH ( 200 )
                +__DELAY_USW_LOOP :
00019e 9701     +SBIW R24 , 1
00019f f7f1     +BRNE __DELAY_USW_LOOP
                 	__DELAY_USW 200
0001a0 e2a8      	LDI  R26,LOW(40)
0001a1 df90      	RCALL __lcd_write_data
0001a2 e0a4      	LDI  R26,LOW(4)
0001a3 df8e      	RCALL __lcd_write_data
0001a4 e8a5      	LDI  R26,LOW(133)
0001a5 df8c      	RCALL __lcd_write_data
0001a6 e0a6      	LDI  R26,LOW(6)
0001a7 df8a      	RCALL __lcd_write_data
0001a8 dfa2      	RCALL _lcd_clear
                 _0x2080002:
0001a9 9621      	ADIW R28,1
0001aa 9508      	RET
                 ; .FEND
                 	#ifndef __SLEEP_DEFINED__
                 	#endif
                 
                 	.CSEG
                 _put_buff_G101:
                 ; .FSTART _put_buff_G101
0001ab 93ba      	ST   -Y,R27
0001ac 93aa      	ST   -Y,R26
0001ad 931a      	ST   -Y,R17
0001ae 930a      	ST   -Y,R16
0001af 81aa      	LDD  R26,Y+2
0001b0 81bb      	LDD  R27,Y+2+1
0001b1 9612      	ADIW R26,2
0001b2 940e 03b8 	CALL __GETW1P
0001b4 9730      	SBIW R30,0
0001b5 f159      	BREQ _0x2020010
0001b6 81aa      	LDD  R26,Y+2
0001b7 81bb      	LDD  R27,Y+2+1
0001b8 9614      	ADIW R26,4
0001b9 940e 03b8 	CALL __GETW1P
0001bb 018f      	MOVW R16,R30
0001bc 9730      	SBIW R30,0
0001bd f061      	BREQ _0x2020012
                +
0001be 3002     +CPI R16 , LOW ( 2 )
0001bf e0e0     +LDI R30 , HIGH ( 2 )
0001c0 071e     +CPC R17 , R30
                 	__CPWRN 16,17,2
0001c1 f098      	BRLO _0x2020013
0001c2 01f8      	MOVW R30,R16
0001c3 9731      	SBIW R30,1
0001c4 018f      	MOVW R16,R30
                +
0001c5 81aa     +LDD R26 , Y + 2
0001c6 81bb     +LDD R27 , Y + 2 + 1
0001c7 9614     +ADIW R26 , 4
0001c8 93ed     +ST X + , R30
0001c9 93fc     +ST X , R31
                 	__PUTW1SNS 2,4
                 _0x2020012:
0001ca 81aa      	LDD  R26,Y+2
0001cb 81bb      	LDD  R27,Y+2+1
0001cc 9612      	ADIW R26,2
0001cd 91ed      	LD   R30,X+
0001ce 91fd      	LD   R31,X+
0001cf 9631      	ADIW R30,1
0001d0 93fe      	ST   -X,R31
0001d1 93ee      	ST   -X,R30
0001d2 9731      	SBIW R30,1
0001d3 81ac      	LDD  R26,Y+4
0001d4 83a0      	STD  Z+0,R26
                 _0x2020013:
0001d5 81aa      	LDD  R26,Y+2
0001d6 81bb      	LDD  R27,Y+2+1
0001d7 940e 03b8 	CALL __GETW1P
0001d9 23ff      	TST  R31
0001da f02a      	BRMI _0x2020014
0001db 91ed      	LD   R30,X+
0001dc 91fd      	LD   R31,X+
0001dd 9631      	ADIW R30,1
0001de 93fe      	ST   -X,R31
0001df 93ee      	ST   -X,R30
                 _0x2020014:
0001e0 c006      	RJMP _0x2020015
                 _0x2020010:
0001e1 81aa      	LDD  R26,Y+2
0001e2 81bb      	LDD  R27,Y+2+1
0001e3 efef      	LDI  R30,LOW(65535)
0001e4 efff      	LDI  R31,HIGH(65535)
0001e5 93ed      	ST   X+,R30
0001e6 93fc      	ST   X,R31
                 _0x2020015:
0001e7 8119      	LDD  R17,Y+1
0001e8 8108      	LDD  R16,Y+0
0001e9 9625      	ADIW R28,5
0001ea 9508      	RET
                 ; .FEND
                 __print_G101:
                 ; .FSTART __print_G101
0001eb 93ba      	ST   -Y,R27
0001ec 93aa      	ST   -Y,R26
0001ed 9726      	SBIW R28,6
0001ee 940e 03c5 	CALL __SAVELOCR6
0001f0 e010      	LDI  R17,0
0001f1 85ac      	LDD  R26,Y+12
0001f2 85bd      	LDD  R27,Y+12+1
0001f3 e0e0      	LDI  R30,LOW(0)
0001f4 e0f0      	LDI  R31,HIGH(0)
0001f5 93ed      	ST   X+,R30
0001f6 93fc      	ST   X,R31
                 _0x2020016:
0001f7 89ea      	LDD  R30,Y+18
0001f8 89fb      	LDD  R31,Y+18+1
0001f9 9631      	ADIW R30,1
0001fa 8bea      	STD  Y+18,R30
0001fb 8bfb      	STD  Y+18+1,R31
0001fc 9731      	SBIW R30,1
0001fd 91e4      	LPM  R30,Z
0001fe 2f2e      	MOV  R18,R30
0001ff 30e0      	CPI  R30,0
000200 f409      	BRNE PC+2
000201 c115      	RJMP _0x2020018
000202 2fe1      	MOV  R30,R17
000203 30e0      	CPI  R30,0
000204 f439      	BRNE _0x202001C
000205 3225      	CPI  R18,37
000206 f411      	BRNE _0x202001D
000207 e011      	LDI  R17,LOW(1)
000208 c002      	RJMP _0x202001E
                 _0x202001D:
000209 940e 037a 	CALL SUBOPT_0x2
                 _0x202001E:
00020b c10a      	RJMP _0x202001B
                 _0x202001C:
00020c 30e1      	CPI  R30,LOW(0x1)
00020d f4a9      	BRNE _0x202001F
00020e 3225      	CPI  R18,37
00020f f419      	BRNE _0x2020020
000210 940e 037a 	CALL SUBOPT_0x2
000212 c102      	RJMP _0x20200CC
                 _0x2020020:
000213 e012      	LDI  R17,LOW(2)
000214 e040      	LDI  R20,LOW(0)
000215 e000      	LDI  R16,LOW(0)
000216 322d      	CPI  R18,45
000217 f411      	BRNE _0x2020021
000218 e001      	LDI  R16,LOW(1)
000219 c0fc      	RJMP _0x202001B
                 _0x2020021:
00021a 322b      	CPI  R18,43
00021b f411      	BRNE _0x2020022
00021c e24b      	LDI  R20,LOW(43)
00021d c0f8      	RJMP _0x202001B
                 _0x2020022:
00021e 3220      	CPI  R18,32
00021f f411      	BRNE _0x2020023
000220 e240      	LDI  R20,LOW(32)
000221 c0f4      	RJMP _0x202001B
                 _0x2020023:
000222 c002      	RJMP _0x2020024
                 _0x202001F:
000223 30e2      	CPI  R30,LOW(0x2)
000224 f439      	BRNE _0x2020025
                 _0x2020024:
000225 e050      	LDI  R21,LOW(0)
000226 e013      	LDI  R17,LOW(3)
000227 3320      	CPI  R18,48
000228 f411      	BRNE _0x2020026
000229 6800      	ORI  R16,LOW(128)
00022a c0eb      	RJMP _0x202001B
                 _0x2020026:
00022b c003      	RJMP _0x2020027
                 _0x2020025:
00022c 30e3      	CPI  R30,LOW(0x3)
00022d f009      	BREQ PC+2
00022e c0e7      	RJMP _0x202001B
                 _0x2020027:
00022f 3320      	CPI  R18,48
000230 f010      	BRLO _0x202002A
000231 332a      	CPI  R18,58
000232 f008      	BRLO _0x202002B
                 _0x202002A:
000233 c007      	RJMP _0x2020029
                 _0x202002B:
000234 e0aa      	LDI  R26,LOW(10)
000235 9f5a      	MUL  R21,R26
000236 2d50      	MOV  R21,R0
000237 2fe2      	MOV  R30,R18
000238 53e0      	SUBI R30,LOW(48)
000239 0f5e      	ADD  R21,R30
00023a c0db      	RJMP _0x202001B
                 _0x2020029:
00023b 2fe2      	MOV  R30,R18
00023c 36e3      	CPI  R30,LOW(0x63)
00023d f449      	BRNE _0x202002F
00023e 940e 0381 	CALL SUBOPT_0x3
000240 89e8      	LDD  R30,Y+16
000241 89f9      	LDD  R31,Y+16+1
000242 81a4      	LDD  R26,Z+4
000243 93aa      	ST   -Y,R26
000244 940e 0387 	CALL SUBOPT_0x4
000246 c0ce      	RJMP _0x2020030
                 _0x202002F:
000247 37e3      	CPI  R30,LOW(0x73)
000248 f441      	BRNE _0x2020032
000249 940e 0381 	CALL SUBOPT_0x3
00024b 940e 038d 	CALL SUBOPT_0x5
00024d 940e 0353 	CALL _strlen
00024f 2f1e      	MOV  R17,R30
000250 c00a      	RJMP _0x2020033
                 _0x2020032:
000251 37e0      	CPI  R30,LOW(0x70)
000252 f461      	BRNE _0x2020035
000253 940e 0381 	CALL SUBOPT_0x3
000255 940e 038d 	CALL SUBOPT_0x5
000257 940e 035f 	CALL _strlenf
000259 2f1e      	MOV  R17,R30
00025a 6008      	ORI  R16,LOW(8)
                 _0x2020033:
00025b 6002      	ORI  R16,LOW(2)
00025c 770f      	ANDI R16,LOW(127)
00025d e030      	LDI  R19,LOW(0)
00025e c034      	RJMP _0x2020036
                 _0x2020035:
00025f 36e4      	CPI  R30,LOW(0x64)
000260 f011      	BREQ _0x2020039
000261 36e9      	CPI  R30,LOW(0x69)
000262 f411      	BRNE _0x202003A
                 _0x2020039:
000263 6004      	ORI  R16,LOW(4)
000264 c002      	RJMP _0x202003B
                 _0x202003A:
000265 37e5      	CPI  R30,LOW(0x75)
000266 f431      	BRNE _0x202003C
                 _0x202003B:
000267 e5e4      	LDI  R30,LOW(_tbl10_G101*2)
000268 e0f0      	LDI  R31,HIGH(_tbl10_G101*2)
000269 83ee      	STD  Y+6,R30
00026a 83ff      	STD  Y+6+1,R31
00026b e015      	LDI  R17,LOW(5)
00026c c00c      	RJMP _0x202003D
                 _0x202003C:
00026d 35e8      	CPI  R30,LOW(0x58)
00026e f411      	BRNE _0x202003F
00026f 6008      	ORI  R16,LOW(8)
000270 c003      	RJMP _0x2020040
                 _0x202003F:
000271 37e8      	CPI  R30,LOW(0x78)
000272 f009      	BREQ PC+2
000273 c0a1      	RJMP _0x2020071
                 _0x2020040:
000274 e5ee      	LDI  R30,LOW(_tbl16_G101*2)
000275 e0f0      	LDI  R31,HIGH(_tbl16_G101*2)
000276 83ee      	STD  Y+6,R30
000277 83ff      	STD  Y+6+1,R31
000278 e014      	LDI  R17,LOW(4)
                 _0x202003D:
000279 ff02      	SBRS R16,2
00027a c014      	RJMP _0x2020042
00027b 940e 0381 	CALL SUBOPT_0x3
00027d 940e 0397 	CALL SUBOPT_0x6
00027f 85ab      	LDD  R26,Y+11
000280 23aa      	TST  R26
000281 f43a      	BRPL _0x2020043
000282 85ea      	LDD  R30,Y+10
000283 85fb      	LDD  R31,Y+10+1
000284 940e 03b4 	CALL __ANEGW1
000286 87ea      	STD  Y+10,R30
000287 87fb      	STD  Y+10+1,R31
000288 e24d      	LDI  R20,LOW(45)
                 _0x2020043:
000289 3040      	CPI  R20,0
00028a f011      	BREQ _0x2020044
00028b 5f1f      	SUBI R17,-LOW(1)
00028c c001      	RJMP _0x2020045
                 _0x2020044:
00028d 7f0b      	ANDI R16,LOW(251)
                 _0x2020045:
00028e c004      	RJMP _0x2020046
                 _0x2020042:
00028f 940e 0381 	CALL SUBOPT_0x3
000291 940e 0397 	CALL SUBOPT_0x6
                 _0x2020046:
                 _0x2020036:
000293 fd00      	SBRC R16,0
000294 c011      	RJMP _0x2020047
                 _0x2020048:
000295 1715      	CP   R17,R21
000296 f478      	BRSH _0x202004A
000297 ff07      	SBRS R16,7
000298 c008      	RJMP _0x202004B
000299 ff02      	SBRS R16,2
00029a c004      	RJMP _0x202004C
00029b 7f0b      	ANDI R16,LOW(251)
00029c 2f24      	MOV  R18,R20
00029d 5011      	SUBI R17,LOW(1)
00029e c001      	RJMP _0x202004D
                 _0x202004C:
00029f e320      	LDI  R18,LOW(48)
                 _0x202004D:
0002a0 c001      	RJMP _0x202004E
                 _0x202004B:
0002a1 e220      	LDI  R18,LOW(32)
                 _0x202004E:
0002a2 940e 037a 	CALL SUBOPT_0x2
0002a4 5051      	SUBI R21,LOW(1)
0002a5 cfef      	RJMP _0x2020048
                 _0x202004A:
                 _0x2020047:
0002a6 2f31      	MOV  R19,R17
0002a7 ff01      	SBRS R16,1
0002a8 c017      	RJMP _0x202004F
                 _0x2020050:
0002a9 3030      	CPI  R19,0
0002aa f0a1      	BREQ _0x2020052
0002ab ff03      	SBRS R16,3
0002ac c006      	RJMP _0x2020053
0002ad 81ee      	LDD  R30,Y+6
0002ae 81ff      	LDD  R31,Y+6+1
0002af 9125      	LPM  R18,Z+
0002b0 83ee      	STD  Y+6,R30
0002b1 83ff      	STD  Y+6+1,R31
0002b2 c005      	RJMP _0x2020054
                 _0x2020053:
0002b3 81ae      	LDD  R26,Y+6
0002b4 81bf      	LDD  R27,Y+6+1
0002b5 912d      	LD   R18,X+
0002b6 83ae      	STD  Y+6,R26
0002b7 83bf      	STD  Y+6+1,R27
                 _0x2020054:
0002b8 940e 037a 	CALL SUBOPT_0x2
0002ba 3050      	CPI  R21,0
0002bb f009      	BREQ _0x2020055
0002bc 5051      	SUBI R21,LOW(1)
                 _0x2020055:
0002bd 5031      	SUBI R19,LOW(1)
0002be cfea      	RJMP _0x2020050
                 _0x2020052:
0002bf c04b      	RJMP _0x2020056
                 _0x202004F:
                 _0x2020058:
0002c0 e320      	LDI  R18,LOW(48)
0002c1 81ee      	LDD  R30,Y+6
0002c2 81ff      	LDD  R31,Y+6+1
0002c3 940e 03bc 	CALL __GETW1PF
0002c5 87e8      	STD  Y+8,R30
0002c6 87f9      	STD  Y+8+1,R31
0002c7 81ee      	LDD  R30,Y+6
0002c8 81ff      	LDD  R31,Y+6+1
0002c9 9632      	ADIW R30,2
0002ca 83ee      	STD  Y+6,R30
0002cb 83ff      	STD  Y+6+1,R31
                 _0x202005A:
0002cc 85e8      	LDD  R30,Y+8
0002cd 85f9      	LDD  R31,Y+8+1
0002ce 85aa      	LDD  R26,Y+10
0002cf 85bb      	LDD  R27,Y+10+1
0002d0 17ae      	CP   R26,R30
0002d1 07bf      	CPC  R27,R31
0002d2 f050      	BRLO _0x202005C
0002d3 5f2f      	SUBI R18,-LOW(1)
0002d4 85a8      	LDD  R26,Y+8
0002d5 85b9      	LDD  R27,Y+8+1
0002d6 85ea      	LDD  R30,Y+10
0002d7 85fb      	LDD  R31,Y+10+1
0002d8 1bea      	SUB  R30,R26
0002d9 0bfb      	SBC  R31,R27
0002da 87ea      	STD  Y+10,R30
0002db 87fb      	STD  Y+10+1,R31
0002dc cfef      	RJMP _0x202005A
                 _0x202005C:
0002dd 332a      	CPI  R18,58
0002de f028      	BRLO _0x202005D
0002df ff03      	SBRS R16,3
0002e0 c002      	RJMP _0x202005E
0002e1 5f29      	SUBI R18,-LOW(7)
0002e2 c001      	RJMP _0x202005F
                 _0x202005E:
0002e3 5d29      	SUBI R18,-LOW(39)
                 _0x202005F:
                 _0x202005D:
0002e4 fd04      	SBRC R16,4
0002e5 c01a      	RJMP _0x2020061
0002e6 3321      	CPI  R18,49
0002e7 f420      	BRSH _0x2020063
0002e8 85a8      	LDD  R26,Y+8
0002e9 85b9      	LDD  R27,Y+8+1
0002ea 9711      	SBIW R26,1
0002eb f409      	BRNE _0x2020062
                 _0x2020063:
0002ec c009      	RJMP _0x20200CD
                 _0x2020062:
0002ed 1753      	CP   R21,R19
0002ee f010      	BRLO _0x2020067
0002ef ff00      	SBRS R16,0
0002f0 c001      	RJMP _0x2020068
                 _0x2020067:
0002f1 c013      	RJMP _0x2020066
                 _0x2020068:
0002f2 e220      	LDI  R18,LOW(32)
0002f3 ff07      	SBRS R16,7
0002f4 c00b      	RJMP _0x2020069
0002f5 e320      	LDI  R18,LOW(48)
                 _0x20200CD:
0002f6 6100      	ORI  R16,LOW(16)
0002f7 ff02      	SBRS R16,2
0002f8 c007      	RJMP _0x202006A
0002f9 7f0b      	ANDI R16,LOW(251)
0002fa 934a      	ST   -Y,R20
0002fb 940e 0387 	CALL SUBOPT_0x4
0002fd 3050      	CPI  R21,0
0002fe f009      	BREQ _0x202006B
0002ff 5051      	SUBI R21,LOW(1)
                 _0x202006B:
                 _0x202006A:
                 _0x2020069:
                 _0x2020061:
000300 940e 037a 	CALL SUBOPT_0x2
000302 3050      	CPI  R21,0
000303 f009      	BREQ _0x202006C
000304 5051      	SUBI R21,LOW(1)
                 _0x202006C:
                 _0x2020066:
000305 5031      	SUBI R19,LOW(1)
000306 85a8      	LDD  R26,Y+8
000307 85b9      	LDD  R27,Y+8+1
000308 9712      	SBIW R26,2
000309 f008      	BRLO _0x2020059
00030a cfb5      	RJMP _0x2020058
                 _0x2020059:
                 _0x2020056:
00030b ff00      	SBRS R16,0
00030c c008      	RJMP _0x202006D
                 _0x202006E:
00030d 3050      	CPI  R21,0
00030e f031      	BREQ _0x2020070
00030f 5051      	SUBI R21,LOW(1)
000310 e2e0      	LDI  R30,LOW(32)
000311 93ea      	ST   -Y,R30
000312 940e 0387 	CALL SUBOPT_0x4
000314 cff8      	RJMP _0x202006E
                 _0x2020070:
                 _0x202006D:
                 _0x2020071:
                 _0x2020030:
                 _0x20200CC:
000315 e010      	LDI  R17,LOW(0)
                 _0x202001B:
000316 cee0      	RJMP _0x2020016
                 _0x2020018:
000317 85ac      	LDD  R26,Y+12
000318 85bd      	LDD  R27,Y+12+1
000319 940e 03b8 	CALL __GETW1P
00031b 940e 03cc 	CALL __LOADLOCR6
00031d 9664      	ADIW R28,20
00031e 9508      	RET
                 ; .FEND
                 _sprintf:
                 ; .FSTART _sprintf
00031f 92ff      	PUSH R15
000320 2ef8      	MOV  R15,R24
000321 9726      	SBIW R28,6
000322 940e 03c7 	CALL __SAVELOCR4
000324 940e 039f 	CALL SUBOPT_0x7
000326 9730      	SBIW R30,0
000327 f419      	BRNE _0x2020072
000328 efef      	LDI  R30,LOW(65535)
000329 efff      	LDI  R31,HIGH(65535)
00032a c023      	RJMP _0x2080001
                 _0x2020072:
00032b 01de      	MOVW R26,R28
00032c 9616      	ADIW R26,6
00032d 940e 03b0 	CALL __ADDW2R15
00032f 018d      	MOVW R16,R26
000330 940e 039f 	CALL SUBOPT_0x7
000332 83ee      	STD  Y+6,R30
000333 83ff      	STD  Y+6+1,R31
000334 e0e0      	LDI  R30,LOW(0)
000335 87e8      	STD  Y+8,R30
000336 87e9      	STD  Y+8+1,R30
000337 01de      	MOVW R26,R28
000338 961a      	ADIW R26,10
000339 940e 03b0 	CALL __ADDW2R15
00033b 940e 03b8 	CALL __GETW1P
00033d 93fa      	ST   -Y,R31
00033e 93ea      	ST   -Y,R30
00033f 931a      	ST   -Y,R17
000340 930a      	ST   -Y,R16
000341 eaeb      	LDI  R30,LOW(_put_buff_G101)
000342 e0f1      	LDI  R31,HIGH(_put_buff_G101)
000343 93fa      	ST   -Y,R31
000344 93ea      	ST   -Y,R30
000345 01de      	MOVW R26,R28
000346 961a      	ADIW R26,10
000347 dea3      	RCALL __print_G101
000348 019f      	MOVW R18,R30
000349 81ae      	LDD  R26,Y+6
00034a 81bf      	LDD  R27,Y+6+1
00034b e0e0      	LDI  R30,LOW(0)
00034c 93ec      	ST   X,R30
00034d 01f9      	MOVW R30,R18
                 _0x2080001:
00034e 940e 03ce 	CALL __LOADLOCR4
000350 962a      	ADIW R28,10
000351 90ff      	POP  R15
000352 9508      	RET
                 ; .FEND
                 
                 	.CSEG
                 
                 	.CSEG
                 _strlen:
                 ; .FSTART _strlen
000353 93ba      	ST   -Y,R27
000354 93aa      	ST   -Y,R26
000355 91a9          ld   r26,y+
000356 91b9          ld   r27,y+
000357 27ee          clr  r30
000358 27ff          clr  r31
                 strlen0:
000359 916d          ld   r22,x+
00035a 2366          tst  r22
00035b f011          breq strlen1
00035c 9631          adiw r30,1
00035d cffb          rjmp strlen0
                 strlen1:
00035e 9508          ret
                 ; .FEND
                 _strlenf:
                 ; .FSTART _strlenf
00035f 93ba      	ST   -Y,R27
000360 93aa      	ST   -Y,R26
000361 27aa          clr  r26
000362 27bb          clr  r27
000363 91e9          ld   r30,y+
000364 91f9          ld   r31,y+
                 strlenf0:
000365 9005      	lpm  r0,z+
000366 2000          tst  r0
000367 f011          breq strlenf1
000368 9611          adiw r26,1
000369 cffb          rjmp strlenf0
                 strlenf1:
00036a 01fd          movw r30,r26
00036b 9508          ret
                 ; .FEND
                 
                 	.DSEG
                 _str:
000266           	.BYTE 0x64
                 _rx_buffer:
0002ca           	.BYTE 0x8
                 _tx_buffer:
0002d2           	.BYTE 0x8
                 __base_y_G100:
0002da           	.BYTE 0x4
                 
                 	.CSEG
                 ;OPTIMIZER ADDED SUBROUTINE, CALLED 2 TIMES, CODE SIZE REDUCTION:1 WORDS
                 SUBOPT_0x0:
00036c 940e 0132 	CALL __lcd_write_data
00036e e0a3      	LDI  R26,LOW(3)
00036f e0b0      	LDI  R27,0
000370 940c 03a6 	JMP  _delay_ms
                 
                 ;OPTIMIZER ADDED SUBROUTINE, CALLED 3 TIMES, CODE SIZE REDUCTION:7 WORDS
                 SUBOPT_0x1:
000372 e3a0      	LDI  R26,LOW(48)
000373 940e 011e 	CALL __lcd_write_nibble_G100
                +
000375 ec88     +LDI R24 , LOW ( 200 )
000376 e090     +LDI R25 , HIGH ( 200 )
                +__DELAY_USW_LOOP :
000377 9701     +SBIW R24 , 1
000378 f7f1     +BRNE __DELAY_USW_LOOP
                 	__DELAY_USW 200
000379 9508      	RET
                 
                 ;OPTIMIZER ADDED SUBROUTINE, CALLED 5 TIMES, CODE SIZE REDUCTION:13 WORDS
                 SUBOPT_0x2:
00037a 932a      	ST   -Y,R18
00037b 85ad      	LDD  R26,Y+13
00037c 85be      	LDD  R27,Y+13+1
00037d 85ef      	LDD  R30,Y+15
00037e 89f8      	LDD  R31,Y+15+1
00037f 9509      	ICALL
000380 9508      	RET
                 
                 ;OPTIMIZER ADDED SUBROUTINE, CALLED 5 TIMES, CODE SIZE REDUCTION:9 WORDS
                 SUBOPT_0x3:
000381 89e8      	LDD  R30,Y+16
000382 89f9      	LDD  R31,Y+16+1
000383 9734      	SBIW R30,4
000384 8be8      	STD  Y+16,R30
000385 8bf9      	STD  Y+16+1,R31
000386 9508      	RET
                 
                 ;OPTIMIZER ADDED SUBROUTINE, CALLED 3 TIMES, CODE SIZE REDUCTION:3 WORDS
                 SUBOPT_0x4:
000387 85ad      	LDD  R26,Y+13
000388 85be      	LDD  R27,Y+13+1
000389 85ef      	LDD  R30,Y+15
00038a 89f8      	LDD  R31,Y+15+1
00038b 9509      	ICALL
00038c 9508      	RET
                 
                 ;OPTIMIZER ADDED SUBROUTINE, CALLED 2 TIMES, CODE SIZE REDUCTION:4 WORDS
                 SUBOPT_0x5:
00038d 89a8      	LDD  R26,Y+16
00038e 89b9      	LDD  R27,Y+16+1
00038f 9614      	ADIW R26,4
000390 940e 03b8 	CALL __GETW1P
000392 83ee      	STD  Y+6,R30
000393 83ff      	STD  Y+6+1,R31
000394 81ae      	LDD  R26,Y+6
000395 81bf      	LDD  R27,Y+6+1
000396 9508      	RET
                 
                 ;OPTIMIZER ADDED SUBROUTINE, CALLED 2 TIMES, CODE SIZE REDUCTION:2 WORDS
                 SUBOPT_0x6:
000397 89a8      	LDD  R26,Y+16
000398 89b9      	LDD  R27,Y+16+1
000399 9614      	ADIW R26,4
00039a 940e 03b8 	CALL __GETW1P
00039c 87ea      	STD  Y+10,R30
00039d 87fb      	STD  Y+10+1,R31
00039e 9508      	RET
                 
                 ;OPTIMIZER ADDED SUBROUTINE, CALLED 2 TIMES, CODE SIZE REDUCTION:1 WORDS
                 SUBOPT_0x7:
00039f 01de      	MOVW R26,R28
0003a0 961c      	ADIW R26,12
0003a1 940e 03b0 	CALL __ADDW2R15
0003a3 940e 03b8 	CALL __GETW1P
0003a5 9508      	RET
                 
                 
                 	.CSEG
                 _delay_ms:
0003a6 9610      	adiw r26,0
0003a7 f039      	breq __delay_ms1
                 __delay_ms0:
                +
0003a8 ed80     +LDI R24 , LOW ( 0x7D0 )
0003a9 e097     +LDI R25 , HIGH ( 0x7D0 )
                +__DELAY_USW_LOOP :
0003aa 9701     +SBIW R24 , 1
0003ab f7f1     +BRNE __DELAY_USW_LOOP
                 	__DELAY_USW 0x7D0
0003ac 95a8      	wdr
0003ad 9711      	sbiw r26,1
0003ae f7c9      	brne __delay_ms0
                 __delay_ms1:
0003af 9508      	ret
                 
                 __ADDW2R15:
0003b0 2400      	CLR  R0
0003b1 0daf      	ADD  R26,R15
0003b2 1db0      	ADC  R27,R0
0003b3 9508      	RET
                 
                 __ANEGW1:
0003b4 95f1      	NEG  R31
0003b5 95e1      	NEG  R30
0003b6 40f0      	SBCI R31,0
0003b7 9508      	RET
                 
                 __GETW1P:
0003b8 91ed      	LD   R30,X+
0003b9 91fc      	LD   R31,X
0003ba 9711      	SBIW R26,1
0003bb 9508      	RET
                 
                 __GETW1PF:
0003bc 9005      	LPM  R0,Z+
0003bd 91f4      	LPM  R31,Z
0003be 2de0      	MOV  R30,R0
0003bf 9508      	RET
                 
                 __PUTPARD1:
0003c0 937a      	ST   -Y,R23
0003c1 936a      	ST   -Y,R22
0003c2 93fa      	ST   -Y,R31
0003c3 93ea      	ST   -Y,R30
0003c4 9508      	RET
                 
                 __SAVELOCR6:
0003c5 935a      	ST   -Y,R21
                 __SAVELOCR5:
0003c6 934a      	ST   -Y,R20
                 __SAVELOCR4:
0003c7 933a      	ST   -Y,R19
                 __SAVELOCR3:
0003c8 932a      	ST   -Y,R18
                 __SAVELOCR2:
0003c9 931a      	ST   -Y,R17
0003ca 930a      	ST   -Y,R16
0003cb 9508      	RET
                 
                 __LOADLOCR6:
0003cc 815d      	LDD  R21,Y+5
                 __LOADLOCR5:
0003cd 814c      	LDD  R20,Y+4
                 __LOADLOCR4:
0003ce 813b      	LDD  R19,Y+3
                 __LOADLOCR3:
0003cf 812a      	LDD  R18,Y+2
                 __LOADLOCR2:
0003d0 8119      	LDD  R17,Y+1
0003d1 8108      	LD   R16,Y
0003d2 9508      	RET
                 
                 ;END OF CODE MARKER
                 __END_OF_CODE:


RESOURCE USE INFORMATION
------------------------

Notice:
The register and instruction counts are symbol table hit counts,
and hence implicitly used resources are not counted, eg, the
'lpm' instruction without operands implicitly uses r0 and z,
none of which are counted.

x,y,z are separate entities in the symbol table and are
counted separately from r26..r31 here.

.dseg memory usage only counts static data declared with .byte

ATmega32 register use summary:
r0 :  11 r1 :   1 r2 :   1 r3 :   0 r4 :   4 r5 :   2 r6 :   5 r7 :   4 
r8 :   4 r9 :   0 r10:   4 r11:   2 r12:   2 r13:   4 r14:   0 r15:   4 
r16:  38 r17:  32 r18:  29 r19:   8 r20:   9 r21:  17 r22:   6 r23:   2 
r24:  23 r25:   5 r26: 101 r27:  42 r28:  14 r29:   1 r30: 219 r31:  67 
x  :  23 y  : 180 z  :  18 
Registers used: 32 out of 35 (91.4%)

ATmega32 instruction use summary:
.lds  :   0 .lds.l:   0 .sts  :   0 .sts.l:   0 adc   :   1 add   :   3 
adiw  :  24 and   :   0 andi  :   7 asr   :   0 bclr  :   0 bld   :   1 
brbc  :   0 brbs  :   0 brcc  :   0 brcs  :   0 break :   0 breq  :  19 
brge  :   0 brhc  :   0 brhs  :   0 brid  :   0 brie  :   0 brlo  :   8 
brlt  :   0 brmi  :   1 brne  :  35 brpl  :   1 brsh  :   2 brtc  :   0 
brts  :   0 brvc  :   0 brvs  :   0 bset  :   0 bst   :   0 call  :  51 
cbi   :   5 cbr   :   0 clc   :   0 clh   :   0 cli   :   2 cln   :   0 
clr   :  14 cls   :   0 clt   :   0 clv   :   0 clz   :   0 com   :   0 
cp    :   8 cpc   :   2 cpi   :  33 cpse  :   0 dec   :   7 des   :   0 
eor   :   0 fmul  :   0 fmuls :   0 fmulsu:   0 icall :   2 ijmp  :   0 
in    :   6 inc   :   6 jmp   :  23 ld    :  33 ldd   :  77 ldi   : 107 
lds   :   0 lpm   :  14 lsl   :   0 lsr   :   0 mov   :  24 movw  :  14 
mul   :   1 muls  :   0 mulsu :   0 neg   :   2 nop   :   0 or    :   1 
ori   :   7 out   :  48 pop   :   1 push  :   1 rcall :  21 ret   :  25 
reti  :   1 rjmp  :  60 rol   :   0 ror   :   0 sbc   :   1 sbci  :   5 
sbi   :   5 sbic  :   0 sbis  :   0 sbiw  :  19 sbr   :   0 sbrc  :   2 
sbrs  :  10 sec   :   0 seh   :   0 sei   :   2 sen   :   0 ser   :   0 
ses   :   0 set   :   1 sev   :   0 sez   :   0 sleep :   0 spm   :   0 
st    :  68 std   :  31 sts   :   2 sub   :   1 subi  :  19 swap  :   1 
tst   :   6 wdr   :   1 
Instructions used: 56 out of 116 (48.3%)

ATmega32 memory use summary [bytes]:
Segment   Begin    End      Code   Data   Used    Size   Use%
---------------------------------------------------------------
[.cseg] 0x000000 0x0007a6   1892     66   1958   32768   6.0%
[.dseg] 0x000060 0x0002de      0    126    126    2048   6.2%
[.eseg] 0x000000 0x000000      0      0      0    1024   0.0%

Assembly complete, 0 errors, 11 warnings
